Archive member included to satisfy reference by file (symbol)

/home/tomoaki/Applications/eclipse/plugins/fr.ac6.mcu.externaltools.arm-none.linux64_1.15.0.201708311556/tools/compiler/bin/../lib/gcc/arm-none-eabi/6.3.1/../../../../arm-none-eabi/lib/thumb/v6-m/libm.a(lib_a-s_ceil.o)
                              Drivers/BSP/Components/sx1276/sx1276.o (ceil)
/home/tomoaki/Applications/eclipse/plugins/fr.ac6.mcu.externaltools.arm-none.linux64_1.15.0.201708311556/tools/compiler/bin/../lib/gcc/arm-none-eabi/6.3.1/../../../../arm-none-eabi/lib/thumb/v6-m/libm.a(lib_a-s_floor.o)
                              Drivers/BSP/Components/sx1276/sx1276.o (floor)
/home/tomoaki/Applications/eclipse/plugins/fr.ac6.mcu.externaltools.arm-none.linux64_1.15.0.201708311556/tools/compiler/bin/../lib/gcc/arm-none-eabi/6.3.1/../../../../arm-none-eabi/lib/thumb/v6-m/libm.a(lib_a-s_round.o)
                              Drivers/BSP/Components/sx1276/sx1276.o (round)
/home/tomoaki/Applications/eclipse/plugins/fr.ac6.mcu.externaltools.arm-none.linux64_1.15.0.201708311556/tools/compiler/bin/../lib/gcc/arm-none-eabi/6.3.1/thumb/v6-m/libgcc.a(_udivsi3.o)
                              Drivers/BSP/Components/sx1276/sx1276.o (__aeabi_uidiv)
/home/tomoaki/Applications/eclipse/plugins/fr.ac6.mcu.externaltools.arm-none.linux64_1.15.0.201708311556/tools/compiler/bin/../lib/gcc/arm-none-eabi/6.3.1/thumb/v6-m/libgcc.a(_divsi3.o)
                              src/mlm32l0xx_hw.o (__aeabi_idiv)
/home/tomoaki/Applications/eclipse/plugins/fr.ac6.mcu.externaltools.arm-none.linux64_1.15.0.201708311556/tools/compiler/bin/../lib/gcc/arm-none-eabi/6.3.1/thumb/v6-m/libgcc.a(_dvmd_tls.o)
                              /home/tomoaki/Applications/eclipse/plugins/fr.ac6.mcu.externaltools.arm-none.linux64_1.15.0.201708311556/tools/compiler/bin/../lib/gcc/arm-none-eabi/6.3.1/thumb/v6-m/libgcc.a(_udivsi3.o) (__aeabi_idiv0)
/home/tomoaki/Applications/eclipse/plugins/fr.ac6.mcu.externaltools.arm-none.linux64_1.15.0.201708311556/tools/compiler/bin/../lib/gcc/arm-none-eabi/6.3.1/thumb/v6-m/libgcc.a(_arm_cmpdf2.o)
                              Drivers/BSP/Components/sx1276/sx1276.o (__aeabi_dcmpgt)
/home/tomoaki/Applications/eclipse/plugins/fr.ac6.mcu.externaltools.arm-none.linux64_1.15.0.201708311556/tools/compiler/bin/../lib/gcc/arm-none-eabi/6.3.1/thumb/v6-m/libgcc.a(_arm_cmpsf2.o)
                              Drivers/BSP/Components/hts221/HTS221_Driver.o (__aeabi_fcmplt)
/home/tomoaki/Applications/eclipse/plugins/fr.ac6.mcu.externaltools.arm-none.linux64_1.15.0.201708311556/tools/compiler/bin/../lib/gcc/arm-none-eabi/6.3.1/thumb/v6-m/libgcc.a(_aeabi_uldivmod.o)
                              Drivers/HAL_Driver/Src/stm32l0xx_hal_uart.o (__aeabi_uldivmod)
/home/tomoaki/Applications/eclipse/plugins/fr.ac6.mcu.externaltools.arm-none.linux64_1.15.0.201708311556/tools/compiler/bin/../lib/gcc/arm-none-eabi/6.3.1/thumb/v6-m/libgcc.a(_fixunssfsi.o)
                              Drivers/BSP/Components/hts221/HTS221_Driver.o (__aeabi_f2uiz)
/home/tomoaki/Applications/eclipse/plugins/fr.ac6.mcu.externaltools.arm-none.linux64_1.15.0.201708311556/tools/compiler/bin/../lib/gcc/arm-none-eabi/6.3.1/thumb/v6-m/libgcc.a(_fixunsdfsi.o)
                              Drivers/BSP/Components/sx1276/sx1276.o (__aeabi_d2uiz)
/home/tomoaki/Applications/eclipse/plugins/fr.ac6.mcu.externaltools.arm-none.linux64_1.15.0.201708311556/tools/compiler/bin/../lib/gcc/arm-none-eabi/6.3.1/thumb/v6-m/libgcc.a(_udivmoddi4.o)
                              /home/tomoaki/Applications/eclipse/plugins/fr.ac6.mcu.externaltools.arm-none.linux64_1.15.0.201708311556/tools/compiler/bin/../lib/gcc/arm-none-eabi/6.3.1/thumb/v6-m/libgcc.a(_aeabi_uldivmod.o) (__udivmoddi4)
/home/tomoaki/Applications/eclipse/plugins/fr.ac6.mcu.externaltools.arm-none.linux64_1.15.0.201708311556/tools/compiler/bin/../lib/gcc/arm-none-eabi/6.3.1/thumb/v6-m/libgcc.a(addsf3.o)
                              Drivers/BSP/Components/hts221/HTS221_Driver.o (__aeabi_fadd)
/home/tomoaki/Applications/eclipse/plugins/fr.ac6.mcu.externaltools.arm-none.linux64_1.15.0.201708311556/tools/compiler/bin/../lib/gcc/arm-none-eabi/6.3.1/thumb/v6-m/libgcc.a(divsf3.o)
                              Drivers/BSP/Components/hts221/HTS221_Driver.o (__aeabi_fdiv)
/home/tomoaki/Applications/eclipse/plugins/fr.ac6.mcu.externaltools.arm-none.linux64_1.15.0.201708311556/tools/compiler/bin/../lib/gcc/arm-none-eabi/6.3.1/thumb/v6-m/libgcc.a(eqsf2.o)
                              /home/tomoaki/Applications/eclipse/plugins/fr.ac6.mcu.externaltools.arm-none.linux64_1.15.0.201708311556/tools/compiler/bin/../lib/gcc/arm-none-eabi/6.3.1/thumb/v6-m/libgcc.a(_arm_cmpsf2.o) (__eqsf2)
/home/tomoaki/Applications/eclipse/plugins/fr.ac6.mcu.externaltools.arm-none.linux64_1.15.0.201708311556/tools/compiler/bin/../lib/gcc/arm-none-eabi/6.3.1/thumb/v6-m/libgcc.a(gesf2.o)
[...]
Memory Configuration

Name             Origin             Length             Attributes
RAM              0x0000000020000000 0x0000000000005000 xrw
ROM              0x0000000008000000 0x0000000000030000 xr
*default*        0x0000000000000000 0xffffffffffffffff

Linker script and memory map

LOAD /home/tomoaki/Applications/eclipse/plugins/fr.ac6.mcu.externaltools.arm-none.linux64_1.15.0.201708311556/tools/compiler/bin/../lib/gcc/arm-none-eabi/6.3.1/thumb/v6-m/crti.o
LOAD /home/tomoaki/Applications/eclipse/plugins/fr.ac6.mcu.externaltools.arm-none.linux64_1.15.0.201708311556/tools/compiler/bin/../lib/gcc/arm-none-eabi/6.3.1/thumb/v6-m/crtbegin.o
LOAD /home/tomoaki/Applications/eclipse/plugins/fr.ac6.mcu.externaltools.arm-none.linux64_1.15.0.201708311556/tools/compiler/bin/../lib/gcc/arm-none-eabi/6.3.1/../../../../arm-none-eabi/lib/thumb/v6-m/crt0.o
LOAD Drivers/BSP/Components/hts221/HTS221_Driver.o
LOAD Drivers/BSP/Components/hts221/HTS221_Driver_HL.o
LOAD Drivers/BSP/Components/sx1276/sx1276.o
LOAD Drivers/BSP/b-l072z-lrwan1.o
LOAD Drivers/BSP/mlm32l07x01.o
LOAD Drivers/HAL_Driver/Src/stm32l0xx_hal.o
LOAD Drivers/HAL_Driver/Src/stm32l0xx_hal_adc.o
LOAD Drivers/HAL_Driver/Src/stm32l0xx_hal_adc_ex.o
LOAD Drivers/HAL_Driver/Src/stm32l0xx_hal_comp.o
LOAD Drivers/HAL_Driver/Src/stm32l0xx_hal_comp_ex.o
LOAD Drivers/HAL_Driver/Src/stm32l0xx_hal_cortex.o
LOAD Drivers/HAL_Driver/Src/stm32l0xx_hal_crc.o
LOAD Drivers/HAL_Driver/Src/stm32l0xx_hal_crc_ex.o
LOAD Drivers/HAL_Driver/Src/stm32l0xx_hal_cryp.o
LOAD Drivers/HAL_Driver/Src/stm32l0xx_hal_cryp_ex.o
LOAD Drivers/HAL_Driver/Src/stm32l0xx_hal_dac.o
LOAD Drivers/HAL_Driver/Src/stm32l0xx_hal_dac_ex.o
LOAD Drivers/HAL_Driver/Src/stm32l0xx_hal_dma.o
LOAD Drivers/HAL_Driver/Src/stm32l0xx_hal_firewall.o
LOAD Drivers/HAL_Driver/Src/stm32l0xx_hal_flash.o
LOAD Drivers/HAL_Driver/Src/stm32l0xx_hal_flash_ex.o
LOAD Drivers/HAL_Driver/Src/stm32l0xx_hal_flash_ramfunc.o
LOAD Drivers/HAL_Driver/Src/stm32l0xx_hal_gpio.o
LOAD Drivers/HAL_Driver/Src/stm32l0xx_hal_i2c.o
LOAD Drivers/HAL_Driver/Src/stm32l0xx_hal_i2c_ex.o
LOAD Drivers/HAL_Driver/Src/stm32l0xx_hal_i2s.o
LOAD Drivers/HAL_Driver/Src/stm32l0xx_hal_irda.o
LOAD Drivers/HAL_Driver/Src/stm32l0xx_hal_iwdg.o
LOAD Drivers/HAL_Driver/Src/stm32l0xx_hal_lcd.o
LOAD Drivers/HAL_Driver/Src/stm32l0xx_hal_lptim.o
LOAD Drivers/HAL_Driver/Src/stm32l0xx_hal_pcd.o
LOAD Drivers/HAL_Driver/Src/stm32l0xx_hal_pcd_ex.o
LOAD Drivers/HAL_Driver/Src/stm32l0xx_hal_pwr.o
LOAD Drivers/HAL_Driver/Src/stm32l0xx_hal_pwr_ex.o
LOAD Drivers/HAL_Driver/Src/stm32l0xx_hal_rcc.o
LOAD Drivers/HAL_Driver/Src/stm32l0xx_hal_rcc_ex.o
LOAD Drivers/HAL_Driver/Src/stm32l0xx_hal_rng.o
LOAD Drivers/HAL_Driver/Src/stm32l0xx_hal_rtc.o
LOAD Drivers/HAL_Driver/Src/stm32l0xx_hal_rtc_ex.o
LOAD Drivers/HAL_Driver/Src/stm32l0xx_hal_smartcard.o
LOAD Drivers/HAL_Driver/Src/stm32l0xx_hal_smartcard_ex.o
LOAD Drivers/HAL_Driver/Src/stm32l0xx_hal_smbus.o
LOAD Drivers/HAL_Driver/Src/stm32l0xx_hal_spi.o
LOAD Drivers/HAL_Driver/Src/stm32l0xx_hal_tim.o
LOAD Drivers/HAL_Driver/Src/stm32l0xx_hal_tim_ex.o
LOAD Drivers/HAL_Driver/Src/stm32l0xx_hal_tsc.o
LOAD Drivers/HAL_Driver/Src/stm32l0xx_hal_uart.o
LOAD Drivers/HAL_Driver/Src/stm32l0xx_hal_uart_ex.o
LOAD Drivers/HAL_Driver/Src/stm32l0xx_hal_usart.o
LOAD Drivers/HAL_Driver/Src/stm32l0xx_hal_wwdg.o
LOAD Drivers/HAL_Driver/Src/stm32l0xx_ll_adc.o
LOAD Drivers/HAL_Driver/Src/stm32l0xx_ll_comp.o
LOAD Drivers/HAL_Driver/Src/stm32l0xx_ll_crc.o
LOAD Drivers/HAL_Driver/Src/stm32l0xx_ll_crs.o
LOAD Drivers/HAL_Driver/Src/stm32l0xx_ll_dac.o
LOAD Drivers/HAL_Driver/Src/stm32l0xx_ll_dma.o
LOAD Drivers/HAL_Driver/Src/stm32l0xx_ll_exti.o
LOAD Drivers/HAL_Driver/Src/stm32l0xx_ll_gpio.o
LOAD Drivers/HAL_Driver/Src/stm32l0xx_ll_i2c.o
LOAD Drivers/HAL_Driver/Src/stm32l0xx_ll_lptim.o
LOAD Drivers/HAL_Driver/Src/stm32l0xx_ll_lpuart.o
LOAD Drivers/HAL_Driver/Src/stm32l0xx_ll_pwr.o
LOAD Drivers/HAL_Driver/Src/stm32l0xx_ll_rcc.o
LOAD Drivers/HAL_Driver/Src/stm32l0xx_ll_rng.o
LOAD Drivers/HAL_Driver/Src/stm32l0xx_ll_rtc.o
LOAD Drivers/HAL_Driver/Src/stm32l0xx_ll_spi.o
LOAD Drivers/HAL_Driver/Src/stm32l0xx_ll_tim.o
LOAD Drivers/HAL_Driver/Src/stm32l0xx_ll_usart.o
LOAD Drivers/HAL_Driver/Src/stm32l0xx_ll_utils.o
LOAD src/LoRa/Core/lora-test.o
LOAD src/LoRa/Core/lora.o
LOAD src/LoRa/Crypto/aes.o
LOAD src/LoRa/Crypto/cmac.o
LOAD src/LoRa/Mac/LoRaMac.o
LOAD src/LoRa/Mac/LoRaMacCrypto.o
LOAD src/LoRa/Mac/region/Region.o
LOAD src/LoRa/Mac/region/RegionAS923.o
LOAD src/LoRa/Mac/region/RegionAU915.o
LOAD src/LoRa/Mac/region/RegionCN470.o
LOAD src/LoRa/Mac/region/RegionCN779.o
LOAD src/LoRa/Mac/region/RegionCommon.o
LOAD src/LoRa/Mac/region/RegionEU433.o
LOAD src/LoRa/Mac/region/RegionEU868.o
LOAD src/LoRa/Mac/region/RegionIN865.o
LOAD src/LoRa/Mac/region/RegionKR920.o
LOAD src/LoRa/Mac/region/RegionUS915-Hybrid.o
LOAD src/LoRa/Mac/region/RegionUS915.o
LOAD src/LoRa/Utilities/delay.o
LOAD src/LoRa/Utilities/low_power_manager.o
LOAD src/LoRa/Utilities/timeServer.o
LOAD src/LoRa/Utilities/utilities.o
LOAD src/bsp.o
LOAD src/debug.o
LOAD src/hw_gpio.o
LOAD src/hw_rtc.o
LOAD src/hw_spi.o
LOAD src/main.o
LOAD src/mlm32l0xx_hal_msp.o
LOAD src/mlm32l0xx_hw.o
LOAD src/mlm32l0xx_it.o
LOAD src/system_stm32l0xx.o
LOAD src/vcom.o
LOAD startup/startup_stm32.o
LOAD startup/sysmem.o
LOAD /home/tomoaki/Applications/eclipse/plugins/fr.ac6.mcu.externaltools.arm-none.linux64_1.15.0.201708311556/tools/compiler/bin/../lib/gcc/arm-none-eabi/6.3.1/../../../../arm-none-eabi/lib/thumb/v6-m/libstdc++_nano.a
LOAD /home/tomoaki/Applications/eclipse/plugins/fr.ac6.mcu.externaltools.arm-none.linux64_1.15.0.201708311556/tools/compiler/bin/../lib/gcc/arm-none-eabi/6.3.1/../../../../arm-none-eabi/lib/thumb/v6-m/libm.a
START GROUP
LOAD /home/tomoaki/Applications/eclipse/plugins/fr.ac6.mcu.externaltools.arm-none.linux64_1.15.0.201708311556/tools/compiler/bin/../lib/gcc/arm-none-eabi/6.3.1/thumb/v6-m/libgcc.a
LOAD /home/tomoaki/Applications/eclipse/plugins/fr.ac6.mcu.externaltools.arm-none.linux64_1.15.0.201708311556/tools/compiler/bin/../lib/gcc/arm-none-eabi/6.3.1/../../../../arm-none-eabi/lib/thumb/v6-m/libc_nano.a
END GROUP
START GROUP
LOAD /home/tomoaki/Applications/eclipse/plugins/fr.ac6.mcu.externaltools.arm-none.linux64_1.15.0.201708311556/tools/compiler/bin/../lib/gcc/arm-none-eabi/6.3.1/thumb/v6-m/libgcc.a
LOAD /home/tomoaki/Applications/eclipse/plugins/fr.ac6.mcu.externaltools.arm-none.linux64_1.15.0.201708311556/tools/compiler/bin/../lib/gcc/arm-none-eabi/6.3.1/../../../../arm-none-eabi/lib/thumb/v6-m/libc_nano.a
LOAD /home/tomoaki/Applications/eclipse/plugins/fr.ac6.mcu.externaltools.arm-none.linux64_1.15.0.201708311556/tools/compiler/bin/../lib/gcc/arm-none-eabi/6.3.1/../../../../arm-none-eabi/lib/thumb/v6-m/libnosys.a
END GROUP
START GROUP
LOAD /home/tomoaki/Applications/eclipse/plugins/fr.ac6.mcu.externaltools.arm-none.linux64_1.15.0.201708311556/tools/compiler/bin/../lib/gcc/arm-none-eabi/6.3.1/thumb/v6-m/libgcc.a
LOAD /home/tomoaki/Applications/eclipse/plugins/fr.ac6.mcu.externaltools.arm-none.linux64_1.15.0.201708311556/tools/compiler/bin/../lib/gcc/arm-none-eabi/6.3.1/../../../../arm-none-eabi/lib/thumb/v6-m/libc_nano.a
LOAD /home/tomoaki/Applications/eclipse/plugins/fr.ac6.mcu.externaltools.arm-none.linux64_1.15.0.201708311556/tools/compiler/bin/../lib/gcc/arm-none-eabi/6.3.1/../../../../arm-none-eabi/lib/thumb/v6-m/libnosys.a
END GROUP
LOAD /home/tomoaki/Applications/eclipse/plugins/fr.ac6.mcu.externaltools.arm-none.linux64_1.15.0.201708311556/tools/compiler/bin/../lib/gcc/arm-none-eabi/6.3.1/thumb/v6-m/crtend.o
LOAD /home/tomoaki/Applications/eclipse/plugins/fr.ac6.mcu.externaltools.arm-none.linux64_1.15.0.201708311556/tools/compiler/bin/../lib/gcc/arm-none-eabi/6.3.1/thumb/v6-m/crtn.o
                0x0000000020005000                _estack = 0x20005000
                0x0000000000000000                _Min_Heap_Size = 0x0
                0x0000000000000400                _Min_Stack_Size = 0x400

.isr_vector     0x0000000008000000       0xc0
                0x0000000008000000                . = ALIGN (0x4)
 *(.isr_vector)
 .isr_vector    0x0000000008000000       0xc0 startup/startup_stm32.o
                0x0000000008000000                g_pfnVectors
                0x00000000080000c0                . = ALIGN (0x4)

.text           0x00000000080000c0    0x134a4
                0x00000000080000c0                . = ALIGN (0x4)
 *(.text)
 .text          0x00000000080000c0       0x60 /home/tomoaki/Applications/eclipse/plugins/fr.ac6.mcu.externaltools.arm-none.linux64_1.15.0.201708311556/tools/compiler/bin/../lib/gcc/arm-none-eabi/6.3.1/thumb/v6-m/crtbegin.o
 .text          0x0000000008000120      0x114 /home/tomoaki/Applications/eclipse/plugins/fr.ac6.mcu.externaltools.arm-none.linux64_1.15.0.201708311556/tools/compiler/bin/../lib/gcc/arm-none-eabi/6.3.1/thumb/v6-m/libgcc.a(_udivsi3.o)
                0x0000000008000120                __udivsi3
                0x0000000008000120                __aeabi_uidiv
                0x000000000800022c                __aeabi_uidivmod
 .text          0x0000000008000234      0x1d4 /home/tomoaki/Applications/eclipse/plugins/fr.ac6.mcu.externaltools.arm-none.linux64_1.15.0.201708311556/tools/compiler/bin/../lib/gcc/arm-none-eabi/6.3.1/thumb/v6-m/libgcc.a(_divsi3.o)
                0x0000000008000234                __aeabi_idiv
                0x0000000008000234                __divsi3
                0x0000000008000400                __aeabi_idivmod
 .text          0x0000000008000408        0x4 /home/tomoaki/Applications/eclipse/plugins/fr.ac6.mcu.externaltools.arm-none.linux64_1.15.0.201708311556/tools/compiler/bin/../lib/gcc/arm-none-eabi/6.3.1/thumb/v6-m/libgcc.a(_dvmd_tls.o)
                0x0000000008000408                __aeabi_ldiv0
                0x0000000008000408                __aeabi_idiv0
 .text          0x000000000800040c       0x7c /home/tomoaki/Applications/eclipse/plugins/fr.ac6.mcu.externaltools.arm-none.linux64_1.15.0.201708311556/tools/compiler/bin/../lib/gcc/arm-none-eabi/6.3.1/thumb/v6-m/libgcc.a(_arm_cmpdf2.o)
                0x000000000800040c                __aeabi_cdrcmple
                0x000000000800041c                __aeabi_cdcmple
                0x000000000800041c                __aeabi_cdcmpeq
                0x000000000800042c                __aeabi_dcmpeq
                0x0000000008000438                __aeabi_dcmplt
                0x000000000800044c                __aeabi_dcmple
                0x0000000008000460                __aeabi_dcmpgt
                0x0000000008000474                __aeabi_dcmpge
 .text          0x0000000008000488       0x74 /home/tomoaki/Applications/eclipse/plugins/fr.ac6.mcu.externaltools.arm-none.linux64_1.15.0.201708311556/tools/compiler/bin/../lib/gcc/arm-none-eabi/6.3.1/thumb/v6-m/libgcc.a(_arm_cmpsf2.o)
                0x0000000008000488                __aeabi_cfrcmple
                0x0000000008000490                __aeabi_cfcmple
                0x0000000008000490                __aeabi_cfcmpeq
                0x00000000080004a0                __aeabi_fcmpeq
                0x00000000080004ac                __aeabi_fcmplt
                0x00000000080004c0                __aeabi_fcmple
                0x00000000080004d4                __aeabi_fcmpgt
                0x00000000080004e8                __aeabi_fcmpge
 .text          0x00000000080004fc       0x40 /home/tomoaki/Applications/eclipse/plugins/fr.ac6.mcu.externaltools.arm-none.linux64_1.15.0.201708311556/tools/compiler/bin/../lib/gcc/arm-none-eabi/6.3.1/thumb/v6-m/libgcc.a(_aeabi_uldivmod.o)
                0x00000000080004fc                __aeabi_uldivmod
 .text          0x000000000800053c       0x30 /home/tomoaki/Applications/eclipse/plugins/fr.ac6.mcu.externaltools.arm-none.linux64_1.15.0.201708311556/tools/compiler/bin/../lib/gcc/arm-none-eabi/6.3.1/thumb/v6-m/libgcc.a(_fixunssfsi.o)
                0x000000000800053c                __aeabi_f2uiz
                0x000000000800053c                __fixunssfsi
 .text          0x000000000800056c       0x3c /home/tomoaki/Applications/eclipse/plugins/fr.ac6.mcu.externaltools.arm-none.linux64_1.15.0.201708311556/tools/compiler/bin/../lib/gcc/arm-none-eabi/6.3.1/thumb/v6-m/libgcc.a(_fixunsdfsi.o)
                0x000000000800056c                __fixunsdfsi
                0x000000000800056c                __aeabi_d2uiz
 .text          0x00000000080005a8      0x180 /home/tomoaki/Applications/eclipse/plugins/fr.ac6.mcu.externaltools.arm-none.linux64_1.15.0.201708311556/tools/compiler/bin/../lib/gcc/arm-none-eabi/6.3.1/thumb/v6-m/libgcc.a(_udivmoddi4.o)
                0x00000000080005a8                __udivmoddi4
 .text          0x0000000008000728      0x290 /home/tomoaki/Applications/eclipse/plugins/fr.ac6.mcu.externaltools.arm-none.linux64_1.15.0.201708311556/tools/compiler/bin/../lib/gcc/arm-none-eabi/6.3.1/thumb/v6-m/libgcc.a(divsf3.o)
                0x0000000008000728                __aeabi_fdiv
 .text          0x00000000080009b8       0x4c /home/tomoaki/Applications/eclipse/plugins/fr.ac6.mcu.externaltools.arm-none.linux64_1.15.0.201708311556/tools/compiler/bin/../lib/gcc/arm-none-eabi/6.3.1/thumb/v6-m/libgcc.a(eqsf2.o)
                0x00000000080009b8                __nesf2
                0x00000000080009b8                __eqsf2
 .text          0x0000000008000a04       0x80 /home/tomoaki/Applications/eclipse/plugins/fr.ac6.mcu.externaltools.arm-none.linux64_1.15.0.201708311556/tools/compiler/bin/../lib/gcc/arm-none-eabi/6.3.1/thumb/v6-m/libgcc.a(gesf2.o)
                0x0000000008000a04                __gtsf2
                0x0000000008000a04                __gesf2
 .text          0x0000000008000a84       0x84 /home/tomoaki/Applications/eclipse/plugins/fr.ac6.mcu.externaltools.arm-none.linux64_1.15.0.201708311556/tools/compiler/bin/../lib/gcc/arm-none-eabi/6.3.1/thumb/v6-m/libgcc.a(lesf2.o)
                0x0000000008000a84                __lesf2
                0x0000000008000a84                __ltsf2
 .text          0x0000000008000b08      0x240 /home/tomoaki/Applications/eclipse/plugins/fr.ac6.mcu.externaltools.arm-none.linux64_1.15.0.201708311556/tools/compiler/bin/../lib/gcc/arm-none-eabi/6.3.1/thumb/v6-m/libgcc.a(mulsf3.o)
                0x0000000008000b08                __aeabi_fmul
 .text          0x0000000008000d48      0x338 /home/tomoaki/Applications/eclipse/plugins/fr.ac6.mcu.externaltools.arm-none.linux64_1.15.0.201708311556/tools/compiler/bin/../lib/gcc/arm-none-eabi/6.3.1/thumb/v6-m/libgcc.a(subsf3.o)
                0x0000000008000d48                __aeabi_fsub
 .text          0x0000000008001080       0x40 /home/tomoaki/Applications/eclipse/plugins/fr.ac6.mcu.externaltools.arm-none.linux64_1.15.0.201708311556/tools/compiler/bin/../lib/gcc/arm-none-eabi/6.3.1/thumb/v6-m/libgcc.a(fixsfsi.o)
                0x0000000008001080                __aeabi_f2iz
 .text          0x00000000080010c0       0x8c /home/tomoaki/Applications/eclipse/plugins/fr.ac6.mcu.externaltools.arm-none.linux64_1.15.0.201708311556/tools/compiler/bin/../lib/gcc/arm-none-eabi/6.3.1/thumb/v6-m/libgcc.a(floatunsisf.o)
                0x00000000080010c0                __aeabi_ui2f
 .text          0x000000000800114c      0x620 /home/tomoaki/Applications/eclipse/plugins/fr.ac6.mcu.externaltools.arm-none.linux64_1.15.0.201708311556/tools/compiler/bin/../lib/gcc/arm-none-eabi/6.3.1/thumb/v6-m/libgcc.a(adddf3.o)
                0x000000000800114c                __aeabi_dadd
 .text          0x000000000800176c      0x668 /home/tomoaki/Applications/eclipse/plugins/fr.ac6.mcu.externaltools.arm-none.linux64_1.15.0.201708311556/tools/compiler/bin/../lib/gcc/arm-none-eabi/6.3.1/thumb/v6-m/libgcc.a(divdf3.o)
                0x000000000800176c                __aeabi_ddiv
 .text          0x0000000008001dd4       0x74 /home/tomoaki/Applications/eclipse/plugins/fr.ac6.mcu.externaltools.arm-none.linux64_1.15.0.201708311556/tools/compiler/bin/../lib/gcc/arm-none-eabi/6.3.1/thumb/v6-m/libgcc.a(eqdf2.o)
                0x0000000008001dd4                __eqdf2
                0x0000000008001dd4                __nedf2
 .text          0x0000000008001e48       0xc8 /home/tomoaki/Applications/eclipse/plugins/fr.ac6.mcu.externaltools.arm-none.linux64_1.15.0.201708311556/tools/compiler/bin/../lib/gcc/arm-none-eabi/6.3.1/thumb/v6-m/libgcc.a(gedf2.o)
                0x0000000008001e48                __gtdf2
                0x0000000008001e48                __gedf2
 .text          0x0000000008001f10       0xc4 /home/tomoaki/Applications/eclipse/plugins/fr.ac6.mcu.externaltools.arm-none.linux64_1.15.0.201708311556/tools/compiler/bin/../lib/gcc/arm-none-eabi/6.3.1/thumb/v6-m/libgcc.a(ledf2.o)
                0x0000000008001f10                __ltdf2
                0x0000000008001f10                __ledf2
 .text          0x0000000008001fd4      0x500 /home/tomoaki/Applications/eclipse/plugins/fr.ac6.mcu.externaltools.arm-none.linux64_1.15.0.201708311556/tools/compiler/bin/../lib/gcc/arm-none-eabi/6.3.1/thumb/v6-m/libgcc.a(muldf3.o)
                0x0000000008001fd4                __aeabi_dmul
 .text          0x00000000080024d4      0x62c /home/tomoaki/Applications/eclipse/plugins/fr.ac6.mcu.externaltools.arm-none.linux64_1.15.0.201708311556/tools/compiler/bin/../lib/gcc/arm-none-eabi/6.3.1/thumb/v6-m/libgcc.a(subdf3.o)
                0x00000000080024d4                __aeabi_dsub
 .text          0x0000000008002b00       0x68 /home/tomoaki/Applications/eclipse/plugins/fr.ac6.mcu.externaltools.arm-none.linux64_1.15.0.201708311556/tools/compiler/bin/../lib/gcc/arm-none-eabi/6.3.1/thumb/v6-m/libgcc.a(fixdfsi.o)
                0x0000000008002b00                __aeabi_d2iz
 .text          0x0000000008002b68       0x84 /home/tomoaki/Applications/eclipse/plugins/fr.ac6.mcu.externaltools.arm-none.linux64_1.15.0.201708311556/tools/compiler/bin/../lib/gcc/arm-none-eabi/6.3.1/thumb/v6-m/libgcc.a(floatsidf.o)
                0x0000000008002b68                __aeabi_i2d
 .text          0x0000000008002bec       0x70 /home/tomoaki/Applications/eclipse/plugins/fr.ac6.mcu.externaltools.arm-none.linux64_1.15.0.201708311556/tools/compiler/bin/../lib/gcc/arm-none-eabi/6.3.1/thumb/v6-m/libgcc.a(floatunsidf.o)
                0x0000000008002bec                __aeabi_ui2d
 .text          0x0000000008002c5c       0xa4 /home/tomoaki/Applications/eclipse/plugins/fr.ac6.mcu.externaltools.arm-none.linux64_1.15.0.201708311556/tools/compiler/bin/../lib/gcc/arm-none-eabi/6.3.1/thumb/v6-m/libgcc.a(extendsfdf2.o)
                0x0000000008002c5c                __aeabi_f2d
 .text          0x0000000008002d00       0x3c /home/tomoaki/Applications/eclipse/plugins/fr.ac6.mcu.externaltools.arm-none.linux64_1.15.0.201708311556/tools/compiler/bin/../lib/gcc/arm-none-eabi/6.3.1/thumb/v6-m/libgcc.a(_clzsi2.o)
                0x0000000008002d00                __clzsi2
 .text          0x0000000008002d3c       0x18 /home/tomoaki/Applications/eclipse/plugins/fr.ac6.mcu.externaltools.arm-none.linux64_1.15.0.201708311556/tools/compiler/bin/../lib/gcc/arm-none-eabi/6.3.1/thumb/v6-m/libgcc.a(_clzdi2.o)
                0x0000000008002d3c                __clzdi2
 *(.text*)
 .text.SX1276OnDio4Irq
                0x0000000008002d54       0x1c Drivers/BSP/Components/sx1276/sx1276.o
                0x0000000008002d54                SX1276OnDio4Irq
 .text.SX1276WriteBuffer.constprop.11
                0x0000000008002d70       0x34 Drivers/BSP/Components/sx1276/sx1276.o
 .text.SX1276ReadBuffer.constprop.12
                0x0000000008002da4       0x34 Drivers/BSP/Components/sx1276/sx1276.o
 .text.SX1276SetOpMode.constprop.8
                0x0000000008002dd8       0x74 Drivers/BSP/Components/sx1276/sx1276.o
 .text.SX1276OnDio3Irq
                0x0000000008002e4c       0xb0 Drivers/BSP/Components/sx1276/sx1276.o
                0x0000000008002e4c                SX1276OnDio3Irq
 .text.SX1276OnDio2Irq
                0x0000000008002efc      0x18c Drivers/BSP/Components/sx1276/sx1276.o
                0x0000000008002efc                SX1276OnDio2Irq
 .text.SX1276OnDio1Irq
                0x0000000008003088      0x234 Drivers/BSP/Components/sx1276/sx1276.o
                0x0000000008003088                SX1276OnDio1Irq
 .text.SX1276OnDio0Irq
                0x00000000080032bc      0x5f4 Drivers/BSP/Components/sx1276/sx1276.o
                0x00000000080032bc                SX1276OnDio0Irq
 .text.SX1276BoardInit
                0x00000000080038b0        0xc Drivers/BSP/Components/sx1276/sx1276.o
                0x00000000080038b0                SX1276BoardInit
 .text.SX1276GetStatus
                0x00000000080038bc        0xc Drivers/BSP/Components/sx1276/sx1276.o
                0x00000000080038bc                SX1276GetStatus
 .text.SX1276SetChannel
                0x00000000080038c8       0xa4 Drivers/BSP/Components/sx1276/sx1276.o
                0x00000000080038c8                SX1276SetChannel
 .text.RxChainCalibration
                0x000000000800396c      0x2b4 Drivers/BSP/Components/sx1276/sx1276.o
                0x000000000800396c                RxChainCalibration
 .text.SX1276GetTimeOnAir
                0x0000000008003c20      0x26c Drivers/BSP/Components/sx1276/sx1276.o
                0x0000000008003c20                SX1276GetTimeOnAir
 .text.SX1276SetSleep
                0x0000000008003e8c       0x84 Drivers/BSP/Components/sx1276/sx1276.o
                0x0000000008003e8c                SX1276SetSleep
 .text.SX1276SetStby
                0x0000000008003f10       0x94 Drivers/BSP/Components/sx1276/sx1276.o
                0x0000000008003f10                SX1276SetStby
 .text.SX1276SetRx
                0x0000000008003fa4      0x678 Drivers/BSP/Components/sx1276/sx1276.o
                0x0000000008003fa4                SX1276SetRx
 .text.SX1276SetTx
                0x000000000800461c      0x270 Drivers/BSP/Components/sx1276/sx1276.o
                0x000000000800461c                SX1276SetTx
 .text.SX1276StartCad
                0x000000000800488c      0x108 Drivers/BSP/Components/sx1276/sx1276.o
                0x000000000800488c                SX1276StartCad
 .text.SX1276SetTxContinuousWave
                0x0000000008004994      0x490 Drivers/BSP/Components/sx1276/sx1276.o
                0x0000000008004994                SX1276SetTxContinuousWave
 .text.SX1276ReadRssi
                0x0000000008004e24       0xc0 Drivers/BSP/Components/sx1276/sx1276.o
                0x0000000008004e24                SX1276ReadRssi
 .text.SX1276SetOpMode
                0x0000000008004ee4       0xe8 Drivers/BSP/Components/sx1276/sx1276.o
                0x0000000008004ee4                SX1276SetOpMode
 .text.SX1276Send
                0x0000000008004fcc      0x2d4 Drivers/BSP/Components/sx1276/sx1276.o
                0x0000000008004fcc                SX1276Send
 .text.SX1276SetModem
                0x00000000080052a0      0x280 Drivers/BSP/Components/sx1276/sx1276.o
                0x00000000080052a0                SX1276SetModem
 .text.SX1276Init
                0x0000000008005520      0x2d4 Drivers/BSP/Components/sx1276/sx1276.o
                0x0000000008005520                SX1276Init
 .text.SX1276IsChannelFree
                0x00000000080057f4      0x1fc Drivers/BSP/Components/sx1276/sx1276.o
                0x00000000080057f4                SX1276IsChannelFree
 .text.SX1276Random
                0x00000000080059f0      0x174 Drivers/BSP/Components/sx1276/sx1276.o
                0x00000000080059f0                SX1276Random
 .text.SX1276SetRxConfig
                0x0000000008005b64      0x694 Drivers/BSP/Components/sx1276/sx1276.o
                0x0000000008005b64                SX1276SetRxConfig
 .text.SX1276SetTxConfig
                0x00000000080061f8      0x5a8 Drivers/BSP/Components/sx1276/sx1276.o
                0x00000000080061f8                SX1276SetTxConfig
 .text.SX1276OnTimeoutIrq
                0x00000000080067a0      0x3e8 Drivers/BSP/Components/sx1276/sx1276.o
                0x00000000080067a0                SX1276OnTimeoutIrq
 .text.SX1276Write
                0x0000000008006b88       0x34 Drivers/BSP/Components/sx1276/sx1276.o
                0x0000000008006b88                SX1276Write
 .text.SX1276Read
                0x0000000008006bbc       0x34 Drivers/BSP/Components/sx1276/sx1276.o
                0x0000000008006bbc                SX1276Read
 .text.SX1276WriteBuffer
                0x0000000008006bf0       0x48 Drivers/BSP/Components/sx1276/sx1276.o
                0x0000000008006bf0                SX1276WriteBuffer
 .text.SX1276ReadBuffer
                0x0000000008006c38       0x48 Drivers/BSP/Components/sx1276/sx1276.o
                0x0000000008006c38                SX1276ReadBuffer
 .text.SX1276SetMaxPayloadLength
                0x0000000008006c80       0x5c Drivers/BSP/Components/sx1276/sx1276.o
                0x0000000008006c80                SX1276SetMaxPayloadLength
 .text.SX1276SetPublicNetwork
                0x0000000008006cdc       0x50 Drivers/BSP/Components/sx1276/sx1276.o
                0x0000000008006cdc                SX1276SetPublicNetwork
 .text.SX1276GetRadioWakeUpTime
                0x0000000008006d2c       0x14 Drivers/BSP/Components/sx1276/sx1276.o
                0x0000000008006d2c                SX1276GetRadioWakeUpTime
 .text.BSP_LED_Init
                0x0000000008006d40       0x90 Drivers/BSP/b-l072z-lrwan1.o
                0x0000000008006d40                BSP_LED_Init
 .text.BSP_LED_On
                0x0000000008006dd0       0x20 Drivers/BSP/b-l072z-lrwan1.o
                0x0000000008006dd0                BSP_LED_On
 .text.BSP_LED_Off
                0x0000000008006df0       0x20 Drivers/BSP/b-l072z-lrwan1.o
                0x0000000008006df0                BSP_LED_Off
 .text.SX1276GetWakeTime
                0x0000000008006e10        0x4 Drivers/BSP/mlm32l07x01.o
                0x0000000008006e10                SX1276GetWakeTime
 .text.SX1276CheckRfFrequency
                0x0000000008006e14        0x4 Drivers/BSP/mlm32l07x01.o
                0x0000000008006e14                SX1276CheckRfFrequency
 .text.SX1276SetRfTxPower
                0x0000000008006e18       0xb8 Drivers/BSP/mlm32l07x01.o
                0x0000000008006e18                SX1276SetRfTxPower
 .text.SX1276IoInit
                0x0000000008006ed0       0x74 Drivers/BSP/mlm32l07x01.o
                0x0000000008006ed0                SX1276IoInit
 .text.SX1276IoDeInit
                0x0000000008006f44       0x50 Drivers/BSP/mlm32l07x01.o
                0x0000000008006f44                SX1276IoDeInit
 .text.SX1276SetAntSwLowPower
                0x0000000008006f94       0x70 Drivers/BSP/mlm32l07x01.o
                0x0000000008006f94                SX1276SetAntSwLowPower
 .text.SX1276IoIrqInit
                0x0000000008007004       0x44 Drivers/BSP/mlm32l07x01.o
                0x0000000008007004                SX1276IoIrqInit
 .text.SX1276SetAntSw
                0x0000000008007048       0x4c Drivers/BSP/mlm32l07x01.o
                0x0000000008007048                SX1276SetAntSw
 .text.SX1276SetXO
                0x0000000008007094       0x2c Drivers/BSP/mlm32l07x01.o
                0x0000000008007094                SX1276SetXO
 .text.HAL_Init
                0x00000000080070c0       0x28 Drivers/HAL_Driver/Src/stm32l0xx_hal.o
                0x00000000080070c0                HAL_Init
 .text.HAL_IncTick
                0x00000000080070e8       0x10 Drivers/HAL_Driver/Src/stm32l0xx_hal.o
                0x00000000080070e8                HAL_IncTick
 .text.HAL_GetTick
                0x00000000080070f8        0xc Drivers/HAL_Driver/Src/stm32l0xx_hal.o
                0x00000000080070f8                HAL_GetTick
 .text.HAL_DBGMCU_DisableDBGSleepMode
                0x0000000008007104       0x10 Drivers/HAL_Driver/Src/stm32l0xx_hal.o
                0x0000000008007104                HAL_DBGMCU_DisableDBGSleepMode
 .text.HAL_DBGMCU_DisableDBGStopMode
                0x0000000008007114       0x10 Drivers/HAL_Driver/Src/stm32l0xx_hal.o
                0x0000000008007114                HAL_DBGMCU_DisableDBGStopMode
 .text.HAL_DBGMCU_DisableDBGStandbyMode
                0x0000000008007124       0x10 Drivers/HAL_Driver/Src/stm32l0xx_hal.o
                0x0000000008007124                HAL_DBGMCU_DisableDBGStandbyMode
 .text.ADC_Enable
                0x0000000008007134       0xa4 Drivers/HAL_Driver/Src/stm32l0xx_hal_adc.o
 .text.HAL_ADC_MspInit
                0x00000000080071d8        0x4 Drivers/HAL_Driver/Src/stm32l0xx_hal_adc.o
                0x00000000080071d8                HAL_ADC_MspInit
 .text.HAL_ADC_Init
                0x00000000080071dc      0x1c0 Drivers/HAL_Driver/Src/stm32l0xx_hal_adc.o
                0x00000000080071dc                HAL_ADC_Init
 .text.HAL_ADC_Start
                0x000000000800739c       0x58 Drivers/HAL_Driver/Src/stm32l0xx_hal_adc.o
                0x000000000800739c                HAL_ADC_Start
 .text.HAL_ADC_PollForConversion
                0x00000000080073f4       0xc0 Drivers/HAL_Driver/Src/stm32l0xx_hal_adc.o
                0x00000000080073f4                HAL_ADC_PollForConversion
 .text.HAL_ADC_GetValue
                0x00000000080074b4        0x8 Drivers/HAL_Driver/Src/stm32l0xx_hal_adc.o
                0x00000000080074b4                HAL_ADC_GetValue
 .text.HAL_ADC_ConfigChannel
                0x00000000080074bc       0xd4 Drivers/HAL_Driver/Src/stm32l0xx_hal_adc.o
                0x00000000080074bc                HAL_ADC_ConfigChannel
 .text.HAL_ADCEx_Calibration_Start
                0x0000000008007590       0xa4 Drivers/HAL_Driver/Src/stm32l0xx_hal_adc_ex.o
                0x0000000008007590                HAL_ADCEx_Calibration_Start
 .text.HAL_NVIC_SetPriority
                0x0000000008007634       0x68 Drivers/HAL_Driver/Src/stm32l0xx_hal_cortex.o
                0x0000000008007634                HAL_NVIC_SetPriority
 .text.HAL_NVIC_EnableIRQ
                0x000000000800769c       0x14 Drivers/HAL_Driver/Src/stm32l0xx_hal_cortex.o
                0x000000000800769c                HAL_NVIC_EnableIRQ
 .text.HAL_NVIC_SetPendingIRQ
                0x00000000080076b0       0x18 Drivers/HAL_Driver/Src/stm32l0xx_hal_cortex.o
                0x00000000080076b0                HAL_NVIC_SetPendingIRQ
 .text.HAL_NVIC_ClearPendingIRQ
                0x00000000080076c8       0x18 Drivers/HAL_Driver/Src/stm32l0xx_hal_cortex.o
                0x00000000080076c8                HAL_NVIC_ClearPendingIRQ
 .text.HAL_GPIO_Init
                0x00000000080076e0      0x1d8 Drivers/HAL_Driver/Src/stm32l0xx_hal_gpio.o
                0x00000000080076e0                HAL_GPIO_Init
 .text.HAL_GPIO_WritePin
                0x00000000080078b8        0xc Drivers/HAL_Driver/Src/stm32l0xx_hal_gpio.o
                0x00000000080078b8                HAL_GPIO_WritePin
 .text.HAL_GPIO_EXTI_IRQHandler
                0x00000000080078c4       0x18 Drivers/HAL_Driver/Src/stm32l0xx_hal_gpio.o
                0x00000000080078c4                HAL_GPIO_EXTI_IRQHandler
 .text.HAL_PWR_DisablePVD
                0x00000000080078dc       0x10 Drivers/HAL_Driver/Src/stm32l0xx_hal_pwr.o
                0x00000000080078dc                HAL_PWR_DisablePVD
 .text.HAL_PWR_EnterSLEEPMode
                0x00000000080078ec       0x30 Drivers/HAL_Driver/Src/stm32l0xx_hal_pwr.o
                0x00000000080078ec                HAL_PWR_EnterSLEEPMode
 .text.HAL_PWR_EnterSTOPMode
                0x000000000800791c       0x3c Drivers/HAL_Driver/Src/stm32l0xx_hal_pwr.o
                0x000000000800791c                HAL_PWR_EnterSTOPMode
 .text.HAL_PWREx_EnableFastWakeUp
                0x0000000008007958       0x14 Drivers/HAL_Driver/Src/stm32l0xx_hal_pwr_ex.o
                0x0000000008007958                HAL_PWREx_EnableFastWakeUp
 .text.HAL_PWREx_EnableUltraLowPower
                0x000000000800796c       0x14 Drivers/HAL_Driver/Src/stm32l0xx_hal_pwr_ex.o
                0x000000000800796c                HAL_PWREx_EnableUltraLowPower
 .text.HAL_RCC_OscConfig
                0x0000000008007980      0x650 Drivers/HAL_Driver/Src/stm32l0xx_hal_rcc.o
                0x0000000008007980                HAL_RCC_OscConfig
 .text.HAL_RCC_ClockConfig
                0x0000000008007fd0      0x210 Drivers/HAL_Driver/Src/stm32l0xx_hal_rcc.o
                0x0000000008007fd0                HAL_RCC_ClockConfig
 .text.HAL_RCC_GetSysClockFreq
                0x00000000080081e0       0x84 Drivers/HAL_Driver/Src/stm32l0xx_hal_rcc.o
                0x00000000080081e0                HAL_RCC_GetSysClockFreq
 .text.HAL_RCC_GetPCLK1Freq
                0x0000000008008264       0x20 Drivers/HAL_Driver/Src/stm32l0xx_hal_rcc.o
                0x0000000008008264                HAL_RCC_GetPCLK1Freq
 .text.HAL_RCC_GetPCLK2Freq
                0x0000000008008284       0x20 Drivers/HAL_Driver/Src/stm32l0xx_hal_rcc.o
                0x0000000008008284                HAL_RCC_GetPCLK2Freq
 .text.HAL_RCCEx_PeriphCLKConfig
                0x00000000080082a4      0x204 Drivers/HAL_Driver/Src/stm32l0xx_hal_rcc_ex.o
                0x00000000080082a4                HAL_RCCEx_PeriphCLKConfig
 .text.HAL_RCCEx_GetPeriphCLKFreq
                0x00000000080084a8      0x1ec Drivers/HAL_Driver/Src/stm32l0xx_hal_rcc_ex.o
                0x00000000080084a8                HAL_RCCEx_GetPeriphCLKFreq
 .text.HAL_RTC_Init
                0x0000000008008694       0xb8 Drivers/HAL_Driver/Src/stm32l0xx_hal_rtc.o
                0x0000000008008694                HAL_RTC_Init
 .text.HAL_RTC_SetTime
                0x000000000800874c      0x198 Drivers/HAL_Driver/Src/stm32l0xx_hal_rtc.o
                0x000000000800874c                HAL_RTC_SetTime
 .text.HAL_RTC_GetTime
                0x00000000080088e4       0x74 Drivers/HAL_Driver/Src/stm32l0xx_hal_rtc.o
                0x00000000080088e4                HAL_RTC_GetTime
 .text.HAL_RTC_SetDate
                0x0000000008008958      0x16c Drivers/HAL_Driver/Src/stm32l0xx_hal_rtc.o
                0x0000000008008958                HAL_RTC_SetDate
 .text.HAL_RTC_GetDate
                0x0000000008008ac4       0x5c Drivers/HAL_Driver/Src/stm32l0xx_hal_rtc.o
                0x0000000008008ac4                HAL_RTC_GetDate
 .text.HAL_RTC_SetAlarm_IT
                0x0000000008008b20      0x228 Drivers/HAL_Driver/Src/stm32l0xx_hal_rtc.o
                0x0000000008008b20                HAL_RTC_SetAlarm_IT
 .text.HAL_RTC_DeactivateAlarm
                0x0000000008008d48       0xcc Drivers/HAL_Driver/Src/stm32l0xx_hal_rtc.o
                0x0000000008008d48                HAL_RTC_DeactivateAlarm
 .text.HAL_RTCEx_EnableBypassShadow
                0x0000000008008e14       0x34 Drivers/HAL_Driver/Src/stm32l0xx_hal_rtc_ex.o
                0x0000000008008e14                HAL_RTCEx_EnableBypassShadow
 .text.SPI_WaitOnFlagUntilTimeout.constprop.4
                0x0000000008008e48       0x74 Drivers/HAL_Driver/Src/stm32l0xx_hal_spi.o
 .text.HAL_SPI_MspInit
                0x0000000008008ebc        0x4 Drivers/HAL_Driver/Src/stm32l0xx_hal_spi.o
                0x0000000008008ebc                HAL_SPI_MspInit
 .text.HAL_SPI_Init
                0x0000000008008ec0       0x80 Drivers/HAL_Driver/Src/stm32l0xx_hal_spi.o
                0x0000000008008ec0                HAL_SPI_Init
 .text.HAL_SPI_TransmitReceive
                0x0000000008008f40      0x520 Drivers/HAL_Driver/Src/stm32l0xx_hal_spi.o
                0x0000000008008f40                HAL_SPI_TransmitReceive
 .text.HAL_UART_Transmit
                0x0000000008009460      0x130 Drivers/HAL_Driver/Src/stm32l0xx_hal_uart.o
                0x0000000008009460                HAL_UART_Transmit
 .text.UART_SetConfig
                0x0000000008009590      0x2d8 Drivers/HAL_Driver/Src/stm32l0xx_hal_uart.o
                0x0000000008009590                UART_SetConfig
 .text.UART_AdvFeatureConfig
                0x0000000008009868       0xd0 Drivers/HAL_Driver/Src/stm32l0xx_hal_uart.o
                0x0000000008009868                UART_AdvFeatureConfig
 .text.UART_CheckIdleState
                0x0000000008009938       0x9c Drivers/HAL_Driver/Src/stm32l0xx_hal_uart.o
                0x0000000008009938                UART_CheckIdleState
 .text.HAL_UART_Init
                0x00000000080099d4      0x34c Drivers/HAL_Driver/Src/stm32l0xx_hal_uart.o
                0x00000000080099d4                HAL_UART_Init
 .text.HAL_HalfDuplex_Init
                0x0000000008009d20      0x354 Drivers/HAL_Driver/Src/stm32l0xx_hal_uart.o
                0x0000000008009d20                HAL_HalfDuplex_Init
 .text.HAL_LIN_Init
                0x000000000800a074      0x384 Drivers/HAL_Driver/Src/stm32l0xx_hal_uart.o
                0x000000000800a074                HAL_LIN_Init
 .text.HAL_MultiProcessor_Init
                0x000000000800a3f8      0x38c Drivers/HAL_Driver/Src/stm32l0xx_hal_uart.o
                0x000000000800a3f8                HAL_MultiProcessor_Init
 .text.OnCertifTxNextPacketTimerEvent
                0x000000000800a784       0xb8 src/LoRa/Core/lora-test.o
 .text.certif_running
                0x000000000800a83c        0xc src/LoRa/Core/lora-test.o
                0x000000000800a83c                certif_running
 .text.certif_DownLinkIncrement
                0x000000000800a848       0x10 src/LoRa/Core/lora-test.o
                0x000000000800a848                certif_DownLinkIncrement
 .text.certif_linkCheck
                0x000000000800a858       0x1c src/LoRa/Core/lora-test.o
                0x000000000800a858                certif_linkCheck
 .text.certif_rx
                0x000000000800a874      0x604 src/LoRa/Core/lora-test.o
                0x000000000800a874                certif_rx
 .text.McpsConfirm
                0x000000000800ae78        0x4 src/LoRa/Core/lora.o
 .text.McpsIndication
                0x000000000800ae7c       0x50 src/LoRa/Core/lora.o
 .text.MlmeConfirm
                0x000000000800aecc       0x6c src/LoRa/Core/lora.o
 .text.LORA_Init
                0x000000000800af38      0x110 src/LoRa/Core/lora.o
                0x000000000800af38                LORA_Init
 .text.LORA_Join
                0x000000000800b048       0x3c src/LoRa/Core/lora.o
                0x000000000800b048                LORA_Join
 .text.LORA_JoinStatus
                0x000000000800b084       0x18 src/LoRa/Core/lora.o
                0x000000000800b084                LORA_JoinStatus
 .text.LORA_send
                0x000000000800b09c       0x80 src/LoRa/Core/lora.o
                0x000000000800b09c                LORA_send
 .text.LORA_RequestClass
                0x000000000800b11c       0x6c src/LoRa/Core/lora.o
                0x000000000800b11c                LORA_RequestClass
 .text.aes_encrypt.part.0
                0x000000000800b188      0x3d4 src/LoRa/Crypto/aes.o
 .text.aes_set_key
                0x000000000800b55c      0x23c src/LoRa/Crypto/aes.o
                0x000000000800b55c                aes_set_key
 .text.aes_encrypt
                0x000000000800b798       0x18 src/LoRa/Crypto/aes.o
                0x000000000800b798                aes_encrypt
 .text.AES_CMAC_Init
                0x000000000800b7b0       0x24 src/LoRa/Crypto/cmac.o
                0x000000000800b7b0                AES_CMAC_Init
 .text.AES_CMAC_SetKey
                0x000000000800b7d4       0x10 src/LoRa/Crypto/cmac.o
                0x000000000800b7d4                AES_CMAC_SetKey
 .text.AES_CMAC_Update
                0x000000000800b7e4      0x20c src/LoRa/Crypto/cmac.o
                0x000000000800b7e4                AES_CMAC_Update
 .text.AES_CMAC_Final
                0x000000000800b9f0      0x4b8 src/LoRa/Crypto/cmac.o
                0x000000000800b9f0                AES_CMAC_Final
 .text.ResetMacParameters
                0x000000000800bea8       0x88 src/LoRa/Mac/LoRaMac.o
 .text.OnAckTimeoutTimerEvent
                0x000000000800bf30       0x3c src/LoRa/Mac/LoRaMac.o
 .text.ProcessMacCommands
                0x000000000800bf6c      0x440 src/LoRa/Mac/LoRaMac.o
 .text.OnRxWindow2TimerEvent
                0x000000000800c3ac       0x8c src/LoRa/Mac/LoRaMac.o
 .text.OnRxWindow1TimerEvent
                0x000000000800c438       0x8c src/LoRa/Mac/LoRaMac.o
 .text.OnRadioTxTimeout
                0x000000000800c4c4       0xc4 src/LoRa/Mac/LoRaMac.o
 .text.OnRadioRxError
                0x000000000800c588      0x100 src/LoRa/Mac/LoRaMac.o
 .text.OnRadioRxTimeout
                0x000000000800c688      0x10c src/LoRa/Mac/LoRaMac.o
 .text.OnRadioTxDone
                0x000000000800c794      0x19c src/LoRa/Mac/LoRaMac.o
 .text.OnRadioRxDone
                0x000000000800c930      0x64c src/LoRa/Mac/LoRaMac.o
 .text.PrepareFrame
                0x000000000800cf7c      0x3e0 src/LoRa/Mac/LoRaMac.o
                0x000000000800cf7c                PrepareFrame
 .text.SendFrameOnChannel
                0x000000000800d35c       0xc4 src/LoRa/Mac/LoRaMac.o
                0x000000000800d35c                SendFrameOnChannel
 .text.ScheduleTx
                0x000000000800d420      0x1c8 src/LoRa/Mac/LoRaMac.o
 .text.Send     0x000000000800d5e8      0x3d0 src/LoRa/Mac/LoRaMac.o
                0x000000000800d5e8                Send
 .text.OnTxDelayedTimerEvent
                0x000000000800d9b8       0xf8 src/LoRa/Mac/LoRaMac.o
 .text.OnMacStateCheckTimerEvent
                0x000000000800dab0      0x3f4 src/LoRa/Mac/LoRaMac.o
 .text.LoRaMacInitialization
                0x000000000800dea4      0x29c src/LoRa/Mac/LoRaMac.o
                0x000000000800dea4                LoRaMacInitialization
 .text.LoRaMacQueryTxPossible
                0x000000000800e140      0x108 src/LoRa/Mac/LoRaMac.o
                0x000000000800e140                LoRaMacQueryTxPossible
 .text.LoRaMacMibGetRequestConfirm
                0x000000000800e248      0x18c src/LoRa/Mac/LoRaMac.o
                0x000000000800e248                LoRaMacMibGetRequestConfirm
 .text.LoRaMacMibSetRequestConfirm
                0x000000000800e3d4      0x370 src/LoRa/Mac/LoRaMac.o
                0x000000000800e3d4                LoRaMacMibSetRequestConfirm
 .text.LoRaMacMlmeRequest
                0x000000000800e744      0x1d8 src/LoRa/Mac/LoRaMac.o
                0x000000000800e744                LoRaMacMlmeRequest
 .text.LoRaMacMcpsRequest
                0x000000000800e91c      0x170 src/LoRa/Mac/LoRaMac.o
                0x000000000800e91c                LoRaMacMcpsRequest
 .text.LoRaMacComputeMic
                0x000000000800ea8c       0x80 src/LoRa/Mac/LoRaMacCrypto.o
                0x000000000800ea8c                LoRaMacComputeMic
 .text.LoRaMacPayloadEncrypt
                0x000000000800eb0c      0x3d0 src/LoRa/Mac/LoRaMacCrypto.o
                0x000000000800eb0c                LoRaMacPayloadEncrypt
 .text.LoRaMacPayloadDecrypt
                0x000000000800eedc       0x1c src/LoRa/Mac/LoRaMacCrypto.o
                0x000000000800eedc                LoRaMacPayloadDecrypt
 .text.LoRaMacJoinComputeMic
                0x000000000800eef8       0x48 src/LoRa/Mac/LoRaMacCrypto.o
                0x000000000800eef8                LoRaMacJoinComputeMic
 .text.LoRaMacJoinDecrypt
                0x000000000800ef40       0x4c src/LoRa/Mac/LoRaMacCrypto.o
                0x000000000800ef40                LoRaMacJoinDecrypt
 .text.LoRaMacJoinComputeSKeys
                0x000000000800ef8c       0xa4 src/LoRa/Mac/LoRaMacCrypto.o
                0x000000000800ef8c                LoRaMacJoinComputeSKeys
 .text.RegionIsActive
                0x000000000800f030        0x8 src/LoRa/Mac/region/Region.o
                0x000000000800f030                RegionIsActive
 .text.RegionGetPhyParam
                0x000000000800f038       0x14 src/LoRa/Mac/region/Region.o
                0x000000000800f038                RegionGetPhyParam
 .text.RegionSetBandTxDone
                0x000000000800f04c       0x10 src/LoRa/Mac/region/Region.o
                0x000000000800f04c                RegionSetBandTxDone
 .text.RegionInitDefaults
                0x000000000800f05c       0x10 src/LoRa/Mac/region/Region.o
                0x000000000800f05c                RegionInitDefaults
 .text.RegionVerify
                0x000000000800f06c       0x18 src/LoRa/Mac/region/Region.o
                0x000000000800f06c                RegionVerify
 .text.RegionApplyCFList
                0x000000000800f084       0x10 src/LoRa/Mac/region/Region.o
                0x000000000800f084                RegionApplyCFList
 .text.RegionChanMaskSet
                0x000000000800f094       0x14 src/LoRa/Mac/region/Region.o
                0x000000000800f094                RegionChanMaskSet
 .text.RegionAdrNext
                0x000000000800f0a8       0x1c src/LoRa/Mac/region/Region.o
                0x000000000800f0a8                RegionAdrNext
 .text.RegionComputeRxWindowParameters
                0x000000000800f0c4       0x18 src/LoRa/Mac/region/Region.o
                0x000000000800f0c4                RegionComputeRxWindowParameters
 .text.RegionRxConfig
                0x000000000800f0dc       0x18 src/LoRa/Mac/region/Region.o
                0x000000000800f0dc                RegionRxConfig
 .text.RegionTxConfig
                0x000000000800f0f4       0x18 src/LoRa/Mac/region/Region.o
                0x000000000800f0f4                RegionTxConfig
 .text.RegionLinkAdrReq
                0x000000000800f10c       0x24 src/LoRa/Mac/region/Region.o
                0x000000000800f10c                RegionLinkAdrReq
 .text.RegionRxParamSetupReq
                0x000000000800f130       0x14 src/LoRa/Mac/region/Region.o
                0x000000000800f130                RegionRxParamSetupReq
 .text.RegionNewChannelReq
                0x000000000800f144       0x14 src/LoRa/Mac/region/Region.o
                0x000000000800f144                RegionNewChannelReq
 .text.RegionTxParamSetupReq
                0x000000000800f158       0x14 src/LoRa/Mac/region/Region.o
                0x000000000800f158                RegionTxParamSetupReq
 .text.RegionDlChannelReq
                0x000000000800f16c       0x14 src/LoRa/Mac/region/Region.o
                0x000000000800f16c                RegionDlChannelReq
 .text.RegionAlternateDr
                0x000000000800f180       0x14 src/LoRa/Mac/region/Region.o
                0x000000000800f180                RegionAlternateDr
 .text.RegionCalcBackOff
                0x000000000800f194       0x10 src/LoRa/Mac/region/Region.o
                0x000000000800f194                RegionCalcBackOff
 .text.RegionNextChannel
                0x000000000800f1a4       0x1c src/LoRa/Mac/region/Region.o
                0x000000000800f1a4                RegionNextChannel
 .text.RegionSetContinuousWave
                0x000000000800f1c0       0x10 src/LoRa/Mac/region/Region.o
                0x000000000800f1c0                RegionSetContinuousWave
 .text.RegionApplyDrOffset
                0x000000000800f1d0       0x18 src/LoRa/Mac/region/Region.o
                0x000000000800f1d0                RegionApplyDrOffset
 .text.RegionAS923GetPhyParam
                0x000000000800f1e8       0xf8 src/LoRa/Mac/region/RegionAS923.o
                0x000000000800f1e8                RegionAS923GetPhyParam
 .text.RegionAS923SetBandTxDone
                0x000000000800f2e0       0x28 src/LoRa/Mac/region/RegionAS923.o
                0x000000000800f2e0                RegionAS923SetBandTxDone
 .text.RegionAS923InitDefaults
                0x000000000800f308       0x48 src/LoRa/Mac/region/RegionAS923.o
                0x000000000800f308                RegionAS923InitDefaults
 .text.RegionAS923Verify
                0x000000000800f350       0x68 src/LoRa/Mac/region/RegionAS923.o
                0x000000000800f350                RegionAS923Verify
 .text.RegionAS923ApplyCFList
                0x000000000800f3b8      0x128 src/LoRa/Mac/region/RegionAS923.o
                0x000000000800f3b8                RegionAS923ApplyCFList
 .text.RegionAS923ChanMaskSet
                0x000000000800f4e0       0x34 src/LoRa/Mac/region/RegionAS923.o
                0x000000000800f4e0                RegionAS923ChanMaskSet
 .text.RegionAS923AdrNext
                0x000000000800f514       0xa4 src/LoRa/Mac/region/RegionAS923.o
                0x000000000800f514                RegionAS923AdrNext
 .text.RegionAS923ComputeRxWindowParameters
                0x000000000800f5b8       0x94 src/LoRa/Mac/region/RegionAS923.o
                0x000000000800f5b8                RegionAS923ComputeRxWindowParameters
 .text.RegionAS923RxConfig
                0x000000000800f64c      0x10c src/LoRa/Mac/region/RegionAS923.o
                0x000000000800f64c                RegionAS923RxConfig
 .text.RegionAS923TxConfig
                0x000000000800f758      0x160 src/LoRa/Mac/region/RegionAS923.o
                0x000000000800f758                RegionAS923TxConfig
 .text.RegionAS923LinkAdrReq
                0x000000000800f8b8      0x340 src/LoRa/Mac/region/RegionAS923.o
                0x000000000800f8b8                RegionAS923LinkAdrReq
 .text.RegionAS923RxParamSetupReq
                0x000000000800fbf8       0x50 src/LoRa/Mac/region/RegionAS923.o
                0x000000000800fbf8                RegionAS923RxParamSetupReq
 .text.RegionAS923NewChannelReq
                0x000000000800fc48      0x13c src/LoRa/Mac/region/RegionAS923.o
                0x000000000800fc48                RegionAS923NewChannelReq
 .text.RegionAS923TxParamSetupReq
                0x000000000800fd84        0x4 src/LoRa/Mac/region/RegionAS923.o
                0x000000000800fd84                RegionAS923TxParamSetupReq
 .text.RegionAS923DlChannelReq
                0x000000000800fd88       0x68 src/LoRa/Mac/region/RegionAS923.o
                0x000000000800fd88                RegionAS923DlChannelReq
 .text.RegionAS923AlternateDr
                0x000000000800fdf0        0x4 src/LoRa/Mac/region/RegionAS923.o
                0x000000000800fdf0                RegionAS923AlternateDr
 .text.RegionAS923CalcBackOff
                0x000000000800fdf4       0x3c src/LoRa/Mac/region/RegionAS923.o
                0x000000000800fdf4                RegionAS923CalcBackOff
 .text.RegionAS923NextChannel
                0x000000000800fe30      0x1e0 src/LoRa/Mac/region/RegionAS923.o
                0x000000000800fe30                RegionAS923NextChannel
 .text.RegionAS923SetContinuousWave
                0x0000000008010010       0x54 src/LoRa/Mac/region/RegionAS923.o
                0x0000000008010010                RegionAS923SetContinuousWave
 .text.RegionAS923ApplyDrOffset
                0x0000000008010064       0x28 src/LoRa/Mac/region/RegionAS923.o
                0x0000000008010064                RegionAS923ApplyDrOffset
 .text.RegionCommonValueInRange
                0x000000000801008c       0x14 src/LoRa/Mac/region/RegionCommon.o
                0x000000000801008c                RegionCommonValueInRange
 .text.RegionCommonChanDisable
                0x00000000080100a0       0x28 src/LoRa/Mac/region/RegionCommon.o
                0x00000000080100a0                RegionCommonChanDisable
 .text.RegionCommonCountChannels
                0x00000000080100c8       0xf4 src/LoRa/Mac/region/RegionCommon.o
                0x00000000080100c8                RegionCommonCountChannels
 .text.RegionCommonChanMaskCopy
                0x00000000080101bc       0x78 src/LoRa/Mac/region/RegionCommon.o
                0x00000000080101bc                RegionCommonChanMaskCopy
 .text.RegionCommonSetBandTxDone
                0x0000000008010234        0xc src/LoRa/Mac/region/RegionCommon.o
                0x0000000008010234                RegionCommonSetBandTxDone
 .text.RegionCommonUpdateBandTimeOff
                0x0000000008010240       0xd8 src/LoRa/Mac/region/RegionCommon.o
                0x0000000008010240                RegionCommonUpdateBandTimeOff
 .text.RegionCommonParseLinkAdrReq
                0x0000000008010318       0x38 src/LoRa/Mac/region/RegionCommon.o
                0x0000000008010318                RegionCommonParseLinkAdrReq
 .text.RegionCommonLinkAdrReqVerifyParams
                0x0000000008010350      0x144 src/LoRa/Mac/region/RegionCommon.o
                0x0000000008010350                RegionCommonLinkAdrReqVerifyParams
 .text.RegionCommonComputeSymbolTimeLoRa
                0x0000000008010494       0x34 src/LoRa/Mac/region/RegionCommon.o
                0x0000000008010494                RegionCommonComputeSymbolTimeLoRa
 .text.RegionCommonComputeSymbolTimeFsk
                0x00000000080104c8       0x18 src/LoRa/Mac/region/RegionCommon.o
                0x00000000080104c8                RegionCommonComputeSymbolTimeFsk
 .text.RegionCommonComputeRxWindowParameters
                0x00000000080104e0       0xbc src/LoRa/Mac/region/RegionCommon.o
                0x00000000080104e0                RegionCommonComputeRxWindowParameters
 .text.RegionCommonComputeTxPower
                0x000000000801059c       0x2c src/LoRa/Mac/region/RegionCommon.o
                0x000000000801059c                RegionCommonComputeTxPower
 .text.RegionCommonCalcBackOff
                0x00000000080105c8       0x94 src/LoRa/Mac/region/RegionCommon.o
                0x00000000080105c8                RegionCommonCalcBackOff
 .text.DelayMs  0x000000000801065c        0x8 src/LoRa/Utilities/delay.o
                0x000000000801065c                DelayMs
 .text.LPM_SetOffMode
                0x0000000008010664       0x2c src/LoRa/Utilities/low_power_manager.o
                0x0000000008010664                LPM_SetOffMode
 .text.LPM_SetStopMode
                0x0000000008010690       0x2c src/LoRa/Utilities/low_power_manager.o
                0x0000000008010690                LPM_SetStopMode
 .text.LPM_GetMode
                0x00000000080106bc       0x24 src/LoRa/Utilities/low_power_manager.o
                0x00000000080106bc                LPM_GetMode
 .text.LPM_ExitSleepMode
                0x00000000080106e0        0x4 src/LoRa/Utilities/low_power_manager.o
                0x00000000080106e0                LPM_ExitSleepMode
 .text.LPM_EnterOffMode
                0x00000000080106e4        0x4 src/LoRa/Utilities/low_power_manager.o
                0x00000000080106e4                LPM_EnterOffMode
 .text.LPM_ExitOffMode
                0x00000000080106e8        0x4 src/LoRa/Utilities/low_power_manager.o
                0x00000000080106e8                LPM_ExitOffMode
 .text.LPM_EnterLowPower
                0x00000000080106ec       0x34 src/LoRa/Utilities/low_power_manager.o
                0x00000000080106ec                LPM_EnterLowPower
 .text.TimerInit
                0x0000000008010720       0x10 src/LoRa/Utilities/timeServer.o
                0x0000000008010720                TimerInit
 .text.TimerStart
                0x0000000008010730       0xbc src/LoRa/Utilities/timeServer.o
                0x0000000008010730                TimerStart
 .text.TimerIrqHandler
                0x00000000080107ec       0x98 src/LoRa/Utilities/timeServer.o
                0x00000000080107ec                TimerIrqHandler
 .text.TimerStop
                0x0000000008010884       0x88 src/LoRa/Utilities/timeServer.o
                0x0000000008010884                TimerStop
 .text.TimerSetValue
                0x000000000801090c       0xb8 src/LoRa/Utilities/timeServer.o
                0x000000000801090c                TimerSetValue
 .text.TimerGetCurrentTime
                0x00000000080109c4        0xc src/LoRa/Utilities/timeServer.o
                0x00000000080109c4                TimerGetCurrentTime
 .text.TimerGetElapsedTime
                0x00000000080109d0       0x18 src/LoRa/Utilities/timeServer.o
                0x00000000080109d0                TimerGetElapsedTime
 .text.srand1   0x00000000080109e8        0xc src/LoRa/Utilities/utilities.o
                0x00000000080109e8                srand1
 .text.randr    0x00000000080109f4       0x3c src/LoRa/Utilities/utilities.o
                0x00000000080109f4                randr
 .text.memcpy1  0x0000000008010a30       0x90 src/LoRa/Utilities/utilities.o
                0x0000000008010a30                memcpy1
 .text.memcpyr  0x0000000008010ac0       0x1c src/LoRa/Utilities/utilities.o
                0x0000000008010ac0                memcpyr
 .text.memset1  0x0000000008010adc       0x14 src/LoRa/Utilities/utilities.o
                0x0000000008010adc                memset1
 .text.BSP_sensor_Read
                0x0000000008010af0       0x1c src/bsp.o
                0x0000000008010af0                BSP_sensor_Read
 .text.BSP_sensor_Init
                0x0000000008010b0c        0x4 src/bsp.o
                0x0000000008010b0c                BSP_sensor_Init
 .text.DBG_Init
                0x0000000008010b10       0x64 src/debug.o
                0x0000000008010b10                DBG_Init
 .text.Error_Handler
                0x0000000008010b74        0x4 src/debug.o
                0x0000000008010b74                Error_Handler
 .text.HW_GPIO_Init
                0x0000000008010b78       0xa0 src/hw_gpio.o
                0x0000000008010b78                HW_GPIO_Init
 .text.HW_GPIO_SetIrq
                0x0000000008010c18       0x70 src/hw_gpio.o
                0x0000000008010c18                HW_GPIO_SetIrq
 .text.HW_GPIO_IrqHandler
                0x0000000008010c88       0x54 src/hw_gpio.o
                0x0000000008010c88                HW_GPIO_IrqHandler
 .text.HW_GPIO_Write
                0x0000000008010cdc        0xc src/hw_gpio.o
                0x0000000008010cdc                HW_GPIO_Write
 .text.HW_RTC_GetCalendarValue
                0x0000000008010ce8       0xac src/hw_rtc.o
 .text.HW_RTC_Init
                0x0000000008010d94       0x80 src/hw_rtc.o
                0x0000000008010d94                HW_RTC_Init
 .text.HW_RTC_GetMinimumTimeout
                0x0000000008010e14        0x4 src/hw_rtc.o
                0x0000000008010e14                HW_RTC_GetMinimumTimeout
 .text.HW_RTC_ms2Tick
                0x0000000008010e18       0x10 src/hw_rtc.o
                0x0000000008010e18                HW_RTC_ms2Tick
 .text.HW_RTC_Tick2ms
                0x0000000008010e28       0x24 src/hw_rtc.o
                0x0000000008010e28                HW_RTC_Tick2ms
 .text.HW_RTC_SetAlarm
                0x0000000008010e4c      0x1c4 src/hw_rtc.o
                0x0000000008010e4c                HW_RTC_SetAlarm
 .text.HW_RTC_GetTimerElapsedTime
                0x0000000008011010       0x1c src/hw_rtc.o
                0x0000000008011010                HW_RTC_GetTimerElapsedTime
 .text.HW_RTC_GetTimerValue
                0x000000000801102c       0x10 src/hw_rtc.o
                0x000000000801102c                HW_RTC_GetTimerValue
 .text.HW_RTC_StopAlarm
                0x000000000801103c       0x24 src/hw_rtc.o
                0x000000000801103c                HW_RTC_StopAlarm
 .text.HW_RTC_IrqHandler
                0x0000000008011060       0x44 src/hw_rtc.o
                0x0000000008011060                HW_RTC_IrqHandler
 .text.HW_RTC_DelayMs
                0x00000000080110a4       0x34 src/hw_rtc.o
                0x00000000080110a4                HW_RTC_DelayMs
 .text.HW_RTC_SetTimerContext
                0x00000000080110d8       0x18 src/hw_rtc.o
                0x00000000080110d8                HW_RTC_SetTimerContext
 .text.HW_RTC_GetTimerContext
                0x00000000080110f0        0xc src/hw_rtc.o
                0x00000000080110f0                HW_RTC_GetTimerContext
 .text.HW_SPI_Init
                0x00000000080110fc      0x128 src/hw_spi.o
                0x00000000080110fc                HW_SPI_Init
 .text.HW_SPI_IoInit
                0x0000000008011224       0x60 src/hw_spi.o
                0x0000000008011224                HW_SPI_IoInit
 .text.HW_SPI_InOut
                0x0000000008011284       0x28 src/hw_spi.o
                0x0000000008011284                HW_SPI_InOut
 .text._ZL17LORA_ConfirmClass12eDeviceClass
                0x00000000080112ac       0x2c src/main.o
 .text._ZL14LORA_HasJoinedv
                0x00000000080112d8       0x14 src/main.o
 .text._ZL15OnTimerLedEventv
                0x00000000080112ec        0xc src/main.o
 .text._ZL11LORA_RxDataP14lora_AppData_t
                0x00000000080112f8       0x90 src/main.o
 .text._ZL4Sendv.part.0
                0x0000000008011388       0xe0 src/main.o
 .text._ZL14OnTxTimerEventv
                0x0000000008011468       0x20 src/main.o
 .text.startup.main
                0x0000000008011488       0x6c src/main.o
                0x0000000008011488                main
 .text.HAL_InitTick
                0x00000000080114f4        0x4 src/mlm32l0xx_hal_msp.o
                0x00000000080114f4                HAL_InitTick
 .text.HAL_MspInit
                0x00000000080114f8       0x34 src/mlm32l0xx_hal_msp.o
                0x00000000080114f8                HAL_MspInit
 .text.HAL_RTC_MspInit
                0x000000000801152c       0x60 src/mlm32l0xx_hal_msp.o
                0x000000000801152c                HAL_RTC_MspInit
 .text.HAL_RTC_AlarmAEventCallback
                0x000000000801158c        0x8 src/mlm32l0xx_hal_msp.o
                0x000000000801158c                HAL_RTC_AlarmAEventCallback
 .text.HAL_GPIO_EXTI_Callback
                0x0000000008011594        0x8 src/mlm32l0xx_hal_msp.o
                0x0000000008011594                HAL_GPIO_EXTI_Callback
 .text.MSP_GetIRQn
                0x000000000801159c       0x1c src/mlm32l0xx_hal_msp.o
                0x000000000801159c                MSP_GetIRQn
 .text.HW_Init  0x00000000080115b8       0x9c src/mlm32l0xx_hw.o
                0x00000000080115b8                HW_Init
 .text.HW_GpioInit
                0x0000000008011654       0xc0 src/mlm32l0xx_hw.o
                0x0000000008011654                HW_GpioInit
 .text.SystemClock_Config
                0x0000000008011714       0x94 src/mlm32l0xx_hw.o
                0x0000000008011714                SystemClock_Config
 .text.HW_GetRandomSeed
                0x00000000080117a8       0x20 src/mlm32l0xx_hw.o
                0x00000000080117a8                HW_GetRandomSeed
 .text.HW_GetUniqueId
                0x00000000080117c8       0x5c src/mlm32l0xx_hw.o
                0x00000000080117c8                HW_GetUniqueId
 .text.HW_GetTemperatureLevel
                0x0000000008011824      0x170 src/mlm32l0xx_hw.o
                0x0000000008011824                HW_GetTemperatureLevel
 .text.HW_GetBatteryLevel
                0x0000000008011994       0xec src/mlm32l0xx_hw.o
                0x0000000008011994                HW_GetBatteryLevel
 .text.LPM_EnterStopMode
                0x0000000008011a80       0x78 src/mlm32l0xx_hw.o
                0x0000000008011a80                LPM_EnterStopMode
 .text.LPM_ExitStopMode
                0x0000000008011af8       0x68 src/mlm32l0xx_hw.o
                0x0000000008011af8                LPM_ExitStopMode
 .text.LPM_EnterSleepMode
                0x0000000008011b60        0xc src/mlm32l0xx_hw.o
                0x0000000008011b60                LPM_EnterSleepMode
 .text.NMI_Handler
                0x0000000008011b6c        0x4 src/mlm32l0xx_it.o
                0x0000000008011b6c                NMI_Handler
 .text.HardFault_Handler
                0x0000000008011b70        0x4 src/mlm32l0xx_it.o
                0x0000000008011b70                HardFault_Handler
 .text.SVC_Handler
                0x0000000008011b74        0x4 src/mlm32l0xx_it.o
                0x0000000008011b74                SVC_Handler
 .text.PendSV_Handler
                0x0000000008011b78        0x4 src/mlm32l0xx_it.o
                0x0000000008011b78                PendSV_Handler
 .text.SysTick_Handler
                0x0000000008011b7c        0x8 src/mlm32l0xx_it.o
                0x0000000008011b7c                SysTick_Handler
 .text.USART2_IRQHandler
                0x0000000008011b84        0x8 src/mlm32l0xx_it.o
                0x0000000008011b84                USART2_IRQHandler
 .text.RTC_IRQHandler
                0x0000000008011b8c        0x8 src/mlm32l0xx_it.o
                0x0000000008011b8c                RTC_IRQHandler
 .text.EXTI0_1_IRQHandler
                0x0000000008011b94       0x10 src/mlm32l0xx_it.o
                0x0000000008011b94                EXTI0_1_IRQHandler
 .text.EXTI2_3_IRQHandler
                0x0000000008011ba4       0x10 src/mlm32l0xx_it.o
                0x0000000008011ba4                EXTI2_3_IRQHandler
 .text.EXTI4_15_IRQHandler
                0x0000000008011bb4       0x5c src/mlm32l0xx_it.o
                0x0000000008011bb4                EXTI4_15_IRQHandler
 .text.SystemInit
                0x0000000008011c10       0x5c src/system_stm32l0xx.o
                0x0000000008011c10                SystemInit
 .text.vcom_Init
                0x0000000008011c6c       0x44 src/vcom.o
                0x0000000008011c6c                vcom_Init
 .text.vcom_Send
                0x0000000008011cb0       0xa0 src/vcom.o
                0x0000000008011cb0                vcom_Send
 .text.vcom_Print
                0x0000000008011d50       0x78 src/vcom.o
                0x0000000008011d50                vcom_Print
 .text.HAL_UART_MspInit
                0x0000000008011dc8       0x6c src/vcom.o
                0x0000000008011dc8                HAL_UART_MspInit
 .text.vcom_IoInit
                0x0000000008011e34       0x60 src/vcom.o
                0x0000000008011e34                vcom_IoInit
 .text.vcom_IoDeInit
                0x0000000008011e94       0x58 src/vcom.o
                0x0000000008011e94                vcom_IoDeInit
 .text.Reset_Handler
                0x0000000008011eec       0x50 startup/startup_stm32.o
                0x0000000008011eec                Reset_Handler
 .text.Default_Handler
                0x0000000008011f3c        0x2 startup/startup_stm32.o
                0x0000000008011f3c                TSC_IRQHandler
                0x0000000008011f3c                PVD_IRQHandler
                0x0000000008011f3c                I2C1_IRQHandler
                0x0000000008011f3c                USART4_USART5_IRQHandler
                0x0000000008011f3c                SPI1_IRQHandler
                0x0000000008011f3c                TIM6_DAC_IRQHandler
                0x0000000008011f3c                I2C2_IRQHandler
                0x0000000008011f3c                TIM3_IRQHandler
                0x0000000008011f3c                RCC_IRQHandler
                0x0000000008011f3c                DMA1_Channel1_IRQHandler
                0x0000000008011f3c                Default_Handler
                0x0000000008011f3c                TIM22_IRQHandler
                0x0000000008011f3c                TIM7_IRQHandler
                0x0000000008011f3c                USB_IRQHandler
                0x0000000008011f3c                I2C3_IRQHandler
                0x0000000008011f3c                SPI2_IRQHandler
                0x0000000008011f3c                TIM21_IRQHandler
                0x0000000008011f3c                WWDG_IRQHandler
                0x0000000008011f3c                TIM2_IRQHandler
                0x0000000008011f3c                DMA1_Channel2_3_IRQHandler
                0x0000000008011f3c                ADC_COMP_IRQHandler
                0x0000000008011f3c                DMA1_Channel4_7_IRQHandler
                0x0000000008011f3c                USART1_IRQHandler
                0x0000000008011f3c                AES_RNG_LPUART1_IRQHandler
                0x0000000008011f3c                LPTIM1_IRQHandler
 *fill*         0x0000000008011f3e        0x2 
 .text._sbrk    0x0000000008011f40       0x34 startup/sysmem.o
                0x0000000008011f40                _sbrk
 .text.ceil     0x0000000008011f74      0x12c /home/tomoaki/Applications/eclipse/plugins/fr.ac6.mcu.externaltools.arm-none.linux64_1.15.0.201708311556/tools/compiler/bin/../lib/gcc/arm-none-eabi/6.3.1/../../../../arm-none-eabi/lib/thumb/v6-m/libm.a(lib_a-s_ceil.o)
                0x0000000008011f74                ceil
 .text.floor    0x00000000080120a0      0x130 /home/tomoaki/Applications/eclipse/plugins/fr.ac6.mcu.externaltools.arm-none.linux64_1.15.0.201708311556/tools/compiler/bin/../lib/gcc/arm-none-eabi/6.3.1/../../../../arm-none-eabi/lib/thumb/v6-m/libm.a(lib_a-s_floor.o)
                0x00000000080120a0                floor
 .text.round    0x00000000080121d0       0xac /home/tomoaki/Applications/eclipse/plugins/fr.ac6.mcu.externaltools.arm-none.linux64_1.15.0.201708311556/tools/compiler/bin/../lib/gcc/arm-none-eabi/6.3.1/../../../../arm-none-eabi/lib/thumb/v6-m/libm.a(lib_a-s_round.o)
                0x00000000080121d0                round
 .text.__errno  0x000000000801227c        0xc /home/tomoaki/Applications/eclipse/plugins/fr.ac6.mcu.externaltools.arm-none.linux64_1.15.0.201708311556/tools/compiler/bin/../lib/gcc/arm-none-eabi/6.3.1/../../../../arm-none-eabi/lib/thumb/v6-m/libc_nano.a(lib_a-errno.o)
                0x000000000801227c                __errno
 .text.__libc_init_array
                0x0000000008012288       0x48 /home/tomoaki/Applications/eclipse/plugins/fr.ac6.mcu.externaltools.arm-none.linux64_1.15.0.201708311556/tools/compiler/bin/../lib/gcc/arm-none-eabi/6.3.1/../../../../arm-none-eabi/lib/thumb/v6-m/libc_nano.a(lib_a-init.o)
                0x0000000008012288                __libc_init_array
 .text.memcpy   0x00000000080122d0       0x12 /home/tomoaki/Applications/eclipse/plugins/fr.ac6.mcu.externaltools.arm-none.linux64_1.15.0.201708311556/tools/compiler/bin/../lib/gcc/arm-none-eabi/6.3.1/../../../../arm-none-eabi/lib/thumb/v6-m/libc_nano.a(lib_a-memcpy-stub.o)
                0x00000000080122d0                memcpy
 .text.memset   0x00000000080122e2       0x10 /home/tomoaki/Applications/eclipse/plugins/fr.ac6.mcu.externaltools.arm-none.linux64_1.15.0.201708311556/tools/compiler/bin/../lib/gcc/arm-none-eabi/6.3.1/../../../../arm-none-eabi/lib/thumb/v6-m/libc_nano.a(lib_a-memset.o)
                0x00000000080122e2                memset
 *fill*         0x00000000080122f2        0x2 
 .text.printf   0x00000000080122f4       0x34 /home/tomoaki/Applications/eclipse/plugins/fr.ac6.mcu.externaltools.arm-none.linux64_1.15.0.201708311556/tools/compiler/bin/../lib/gcc/arm-none-eabi/6.3.1/../../../../arm-none-eabi/lib/thumb/v6-m/libc_nano.a(lib_a-printf.o)
                0x00000000080122f4                printf
                0x00000000080122f4                iprintf
 .text._vsprintf_r
                0x0000000008012328       0x30 /home/tomoaki/Applications/eclipse/plugins/fr.ac6.mcu.externaltools.arm-none.linux64_1.15.0.201708311556/tools/compiler/bin/../lib/gcc/arm-none-eabi/6.3.1/../../../../arm-none-eabi/lib/thumb/v6-m/libc_nano.a(lib_a-vsprintf.o)
                0x0000000008012328                _vsiprintf_r
                0x0000000008012328                _vsprintf_r
 .text.vsprintf
                0x0000000008012358       0x18 /home/tomoaki/Applications/eclipse/plugins/fr.ac6.mcu.externaltools.arm-none.linux64_1.15.0.201708311556/tools/compiler/bin/../lib/gcc/arm-none-eabi/6.3.1/../../../../arm-none-eabi/lib/thumb/v6-m/libc_nano.a(lib_a-vsprintf.o)
                0x0000000008012358                vsprintf
                0x0000000008012358                vsiprintf
 .text._cleanup_r
                0x0000000008012370       0x10 /home/tomoaki/Applications/eclipse/plugins/fr.ac6.mcu.externaltools.arm-none.linux64_1.15.0.201708311556/tools/compiler/bin/../lib/gcc/arm-none-eabi/6.3.1/../../../../arm-none-eabi/lib/thumb/v6-m/libc_nano.a(lib_a-findfp.o)
                0x0000000008012370                _cleanup_r
 .text.std.isra.0
                0x0000000008012380       0x48 /home/tomoaki/Applications/eclipse/plugins/fr.ac6.mcu.externaltools.arm-none.linux64_1.15.0.201708311556/tools/compiler/bin/../lib/gcc/arm-none-eabi/6.3.1/../../../../arm-none-eabi/lib/thumb/v6-m/libc_nano.a(lib_a-findfp.o)
 .text.__sfmoreglue
                0x00000000080123c8       0x2c /home/tomoaki/Applications/eclipse/plugins/fr.ac6.mcu.externaltools.arm-none.linux64_1.15.0.201708311556/tools/compiler/bin/../lib/gcc/arm-none-eabi/6.3.1/../../../../arm-none-eabi/lib/thumb/v6-m/libc_nano.a(lib_a-findfp.o)
                0x00000000080123c8                __sfmoreglue
 .text.__sinit  0x00000000080123f4       0x68 /home/tomoaki/Applications/eclipse/plugins/fr.ac6.mcu.externaltools.arm-none.linux64_1.15.0.201708311556/tools/compiler/bin/../lib/gcc/arm-none-eabi/6.3.1/../../../../arm-none-eabi/lib/thumb/v6-m/libc_nano.a(lib_a-findfp.o)
                0x00000000080123f4                __sinit
 .text.__sfp    0x000000000801245c       0x80 /home/tomoaki/Applications/eclipse/plugins/fr.ac6.mcu.externaltools.arm-none.linux64_1.15.0.201708311556/tools/compiler/bin/../lib/gcc/arm-none-eabi/6.3.1/../../../../arm-none-eabi/lib/thumb/v6-m/libc_nano.a(lib_a-findfp.o)
                0x000000000801245c                __sfp
 .text._fwalk_reent
                0x00000000080124dc       0x42 /home/tomoaki/Applications/eclipse/plugins/fr.ac6.mcu.externaltools.arm-none.linux64_1.15.0.201708311556/tools/compiler/bin/../lib/gcc/arm-none-eabi/6.3.1/../../../../arm-none-eabi/lib/thumb/v6-m/libc_nano.a(lib_a-fwalk.o)
                0x00000000080124dc                _fwalk_reent
 *fill*         0x000000000801251e        0x2 
 .text._malloc_r
                0x0000000008012520       0xbc /home/tomoaki/Applications/eclipse/plugins/fr.ac6.mcu.externaltools.arm-none.linux64_1.15.0.201708311556/tools/compiler/bin/../lib/gcc/arm-none-eabi/6.3.1/../../../../arm-none-eabi/lib/thumb/v6-m/libc_nano.a(lib_a-nano-mallocr.o)
                0x0000000008012520                _malloc_r
 .text.__ssputs_r
                0x00000000080125dc       0xc4 /home/tomoaki/Applications/eclipse/plugins/fr.ac6.mcu.externaltools.arm-none.linux64_1.15.0.201708311556/tools/compiler/bin/../lib/gcc/arm-none-eabi/6.3.1/../../../../arm-none-eabi/lib/thumb/v6-m/libc_nano.a(lib_a-nano-svfprintf.o)
                0x00000000080125dc                __ssputs_r
 .text._svfprintf_r
                0x00000000080126a0      0x208 /home/tomoaki/Applications/eclipse/plugins/fr.ac6.mcu.externaltools.arm-none.linux64_1.15.0.201708311556/tools/compiler/bin/../lib/gcc/arm-none-eabi/6.3.1/../../../../arm-none-eabi/lib/thumb/v6-m/libc_nano.a(lib_a-nano-svfprintf.o)
                0x00000000080126a0                _svfprintf_r
                0x00000000080126a0                _svfiprintf_r
 .text.__sfputc_r
                0x00000000080128a8       0x2a /home/tomoaki/Applications/eclipse/plugins/fr.ac6.mcu.externaltools.arm-none.linux64_1.15.0.201708311556/tools/compiler/bin/../lib/gcc/arm-none-eabi/6.3.1/../../../../arm-none-eabi/lib/thumb/v6-m/libc_nano.a(lib_a-nano-vfprintf.o)
 .text.__sfputs_r
                0x00000000080128d2       0x24 /home/tomoaki/Applications/eclipse/plugins/fr.ac6.mcu.externaltools.arm-none.linux64_1.15.0.201708311556/tools/compiler/bin/../lib/gcc/arm-none-eabi/6.3.1/../../../../arm-none-eabi/lib/thumb/v6-m/libc_nano.a(lib_a-nano-vfprintf.o)
                0x00000000080128d2                __sfputs_r
 *fill*         0x00000000080128f6        0x2 
 .text._vfprintf_r
                0x00000000080128f8      0x238 /home/tomoaki/Applications/eclipse/plugins/fr.ac6.mcu.externaltools.arm-none.linux64_1.15.0.201708311556/tools/compiler/bin/../lib/gcc/arm-none-eabi/6.3.1/../../../../arm-none-eabi/lib/thumb/v6-m/libc_nano.a(lib_a-nano-vfprintf.o)
                0x00000000080128f8                _vfiprintf_r
                0x00000000080128f8                _vfprintf_r
 .text._printf_common
                0x0000000008012b30       0xda /home/tomoaki/Applications/eclipse/plugins/fr.ac6.mcu.externaltools.arm-none.linux64_1.15.0.201708311556/tools/compiler/bin/../lib/gcc/arm-none-eabi/6.3.1/../../../../arm-none-eabi/lib/thumb/v6-m/libc_nano.a(lib_a-nano-vfprintf_i.o)
                0x0000000008012b30                _printf_common
 *fill*         0x0000000008012c0a        0x2 
 .text._printf_i
                0x0000000008012c0c      0x234 /home/tomoaki/Applications/eclipse/plugins/fr.ac6.mcu.externaltools.arm-none.linux64_1.15.0.201708311556/tools/compiler/bin/../lib/gcc/arm-none-eabi/6.3.1/../../../../arm-none-eabi/lib/thumb/v6-m/libc_nano.a(lib_a-nano-vfprintf_i.o)
                0x0000000008012c0c                _printf_i
 .text._sbrk_r  0x0000000008012e40       0x24 /home/tomoaki/Applications/eclipse/plugins/fr.ac6.mcu.externaltools.arm-none.linux64_1.15.0.201708311556/tools/compiler/bin/../lib/gcc/arm-none-eabi/6.3.1/../../../../arm-none-eabi/lib/thumb/v6-m/libc_nano.a(lib_a-sbrkr.o)
                0x0000000008012e40                _sbrk_r
 .text.__sread  0x0000000008012e64       0x28 /home/tomoaki/Applications/eclipse/plugins/fr.ac6.mcu.externaltools.arm-none.linux64_1.15.0.201708311556/tools/compiler/bin/../lib/gcc/arm-none-eabi/6.3.1/../../../../arm-none-eabi/lib/thumb/v6-m/libc_nano.a(lib_a-stdio.o)
                0x0000000008012e64                __sread
 .text.__swrite
                0x0000000008012e8c       0x38 /home/tomoaki/Applications/eclipse/plugins/fr.ac6.mcu.externaltools.arm-none.linux64_1.15.0.201708311556/tools/compiler/bin/../lib/gcc/arm-none-eabi/6.3.1/../../../../arm-none-eabi/lib/thumb/v6-m/libc_nano.a(lib_a-stdio.o)
                0x0000000008012e8c                __swrite
 .text.__sseek  0x0000000008012ec4       0x2c /home/tomoaki/Applications/eclipse/plugins/fr.ac6.mcu.externaltools.arm-none.linux64_1.15.0.201708311556/tools/compiler/bin/../lib/gcc/arm-none-eabi/6.3.1/../../../../arm-none-eabi/lib/thumb/v6-m/libc_nano.a(lib_a-stdio.o)
                0x0000000008012ec4                __sseek
 .text.__sclose
                0x0000000008012ef0        0xc /home/tomoaki/Applications/eclipse/plugins/fr.ac6.mcu.externaltools.arm-none.linux64_1.15.0.201708311556/tools/compiler/bin/../lib/gcc/arm-none-eabi/6.3.1/../../../../arm-none-eabi/lib/thumb/v6-m/libc_nano.a(lib_a-stdio.o)
                0x0000000008012ef0                __sclose
 .text.__swbuf_r
                0x0000000008012efc       0xac /home/tomoaki/Applications/eclipse/plugins/fr.ac6.mcu.externaltools.arm-none.linux64_1.15.0.201708311556/tools/compiler/bin/../lib/gcc/arm-none-eabi/6.3.1/../../../../arm-none-eabi/lib/thumb/v6-m/libc_nano.a(lib_a-wbuf.o)
                0x0000000008012efc                __swbuf_r
 .text._write_r
                0x0000000008012fa8       0x28 /home/tomoaki/Applications/eclipse/plugins/fr.ac6.mcu.externaltools.arm-none.linux64_1.15.0.201708311556/tools/compiler/bin/../lib/gcc/arm-none-eabi/6.3.1/../../../../arm-none-eabi/lib/thumb/v6-m/libc_nano.a(lib_a-writer.o)
                0x0000000008012fa8                _write_r
 .text.__swsetup_r
                0x0000000008012fd0       0xec /home/tomoaki/Applications/eclipse/plugins/fr.ac6.mcu.externaltools.arm-none.linux64_1.15.0.201708311556/tools/compiler/bin/../lib/gcc/arm-none-eabi/6.3.1/../../../../arm-none-eabi/lib/thumb/v6-m/libc_nano.a(lib_a-wsetup.o)
                0x0000000008012fd0                __swsetup_r
 .text._close_r
                0x00000000080130bc       0x24 /home/tomoaki/Applications/eclipse/plugins/fr.ac6.mcu.externaltools.arm-none.linux64_1.15.0.201708311556/tools/compiler/bin/../lib/gcc/arm-none-eabi/6.3.1/../../../../arm-none-eabi/lib/thumb/v6-m/libc_nano.a(lib_a-closer.o)
                0x00000000080130bc                _close_r
 .text.__sflush_r
                0x00000000080130e0      0x114 /home/tomoaki/Applications/eclipse/plugins/fr.ac6.mcu.externaltools.arm-none.linux64_1.15.0.201708311556/tools/compiler/bin/../lib/gcc/arm-none-eabi/6.3.1/../../../../arm-none-eabi/lib/thumb/v6-m/libc_nano.a(lib_a-fflush.o)
                0x00000000080130e0                __sflush_r
 .text._fflush_r
                0x00000000080131f4       0x58 /home/tomoaki/Applications/eclipse/plugins/fr.ac6.mcu.externaltools.arm-none.linux64_1.15.0.201708311556/tools/compiler/bin/../lib/gcc/arm-none-eabi/6.3.1/../../../../arm-none-eabi/lib/thumb/v6-m/libc_nano.a(lib_a-fflush.o)
                0x00000000080131f4                _fflush_r
 .text._lseek_r
                0x000000000801324c       0x28 /home/tomoaki/Applications/eclipse/plugins/fr.ac6.mcu.externaltools.arm-none.linux64_1.15.0.201708311556/tools/compiler/bin/../lib/gcc/arm-none-eabi/6.3.1/../../../../arm-none-eabi/lib/thumb/v6-m/libc_nano.a(lib_a-lseekr.o)
                0x000000000801324c                _lseek_r
 .text.__swhatbuf_r
                0x0000000008013274       0x50 /home/tomoaki/Applications/eclipse/plugins/fr.ac6.mcu.externaltools.arm-none.linux64_1.15.0.201708311556/tools/compiler/bin/../lib/gcc/arm-none-eabi/6.3.1/../../../../arm-none-eabi/lib/thumb/v6-m/libc_nano.a(lib_a-makebuf.o)
                0x0000000008013274                __swhatbuf_r
 .text.__smakebuf_r
                0x00000000080132c4       0x88 /home/tomoaki/Applications/eclipse/plugins/fr.ac6.mcu.externaltools.arm-none.linux64_1.15.0.201708311556/tools/compiler/bin/../lib/gcc/arm-none-eabi/6.3.1/../../../../arm-none-eabi/lib/thumb/v6-m/libc_nano.a(lib_a-makebuf.o)
                0x00000000080132c4                __smakebuf_r
 .text.memchr   0x000000000801334c       0x16 /home/tomoaki/Applications/eclipse/plugins/fr.ac6.mcu.externaltools.arm-none.linux64_1.15.0.201708311556/tools/compiler/bin/../lib/gcc/arm-none-eabi/6.3.1/../../../../arm-none-eabi/lib/thumb/v6-m/libc_nano.a(lib_a-memchr-stub.o)
                0x000000000801334c                memchr
 .text.memmove  0x0000000008013362       0x24 /home/tomoaki/Applications/eclipse/plugins/fr.ac6.mcu.externaltools.arm-none.linux64_1.15.0.201708311556/tools/compiler/bin/../lib/gcc/arm-none-eabi/6.3.1/../../../../arm-none-eabi/lib/thumb/v6-m/libc_nano.a(lib_a-memmove.o)
                0x0000000008013362                memmove
 .text.__malloc_lock
                0x0000000008013386        0x2 /home/tomoaki/Applications/eclipse/plugins/fr.ac6.mcu.externaltools.arm-none.linux64_1.15.0.201708311556/tools/compiler/bin/../lib/gcc/arm-none-eabi/6.3.1/../../../../arm-none-eabi/lib/thumb/v6-m/libc_nano.a(lib_a-mlock.o)
                0x0000000008013386                __malloc_lock
 .text.__malloc_unlock
                0x0000000008013388        0x2 /home/tomoaki/Applications/eclipse/plugins/fr.ac6.mcu.externaltools.arm-none.linux64_1.15.0.201708311556/tools/compiler/bin/../lib/gcc/arm-none-eabi/6.3.1/../../../../arm-none-eabi/lib/thumb/v6-m/libc_nano.a(lib_a-mlock.o)
                0x0000000008013388                __malloc_unlock
 *fill*         0x000000000801338a        0x2 
 .text._free_r  0x000000000801338c       0x94 /home/tomoaki/Applications/eclipse/plugins/fr.ac6.mcu.externaltools.arm-none.linux64_1.15.0.201708311556/tools/compiler/bin/../lib/gcc/arm-none-eabi/6.3.1/../../../../arm-none-eabi/lib/thumb/v6-m/libc_nano.a(lib_a-nano-freer.o)
                0x000000000801338c                _free_r
 .text._realloc_r
                0x0000000008013420       0x4c /home/tomoaki/Applications/eclipse/plugins/fr.ac6.mcu.externaltools.arm-none.linux64_1.15.0.201708311556/tools/compiler/bin/../lib/gcc/arm-none-eabi/6.3.1/../../../../arm-none-eabi/lib/thumb/v6-m/libc_nano.a(lib_a-nano-reallocr.o)
                0x0000000008013420                _realloc_r
 .text._read_r  0x000000000801346c       0x28 /home/tomoaki/Applications/eclipse/plugins/fr.ac6.mcu.externaltools.arm-none.linux64_1.15.0.201708311556/tools/compiler/bin/../lib/gcc/arm-none-eabi/6.3.1/../../../../arm-none-eabi/lib/thumb/v6-m/libc_nano.a(lib_a-readr.o)
                0x000000000801346c                _read_r
 .text._fstat_r
                0x0000000008013494       0x24 /home/tomoaki/Applications/eclipse/plugins/fr.ac6.mcu.externaltools.arm-none.linux64_1.15.0.201708311556/tools/compiler/bin/../lib/gcc/arm-none-eabi/6.3.1/../../../../arm-none-eabi/lib/thumb/v6-m/libc_nano.a(lib_a-fstatr.o)
                0x0000000008013494                _fstat_r
 .text._isatty_r
                0x00000000080134b8       0x24 /home/tomoaki/Applications/eclipse/plugins/fr.ac6.mcu.externaltools.arm-none.linux64_1.15.0.201708311556/tools/compiler/bin/../lib/gcc/arm-none-eabi/6.3.1/../../../../arm-none-eabi/lib/thumb/v6-m/libc_nano.a(lib_a-isattyr.o)
                0x00000000080134b8                _isatty_r
 .text._malloc_usable_size_r
                0x00000000080134dc       0x10 /home/tomoaki/Applications/eclipse/plugins/fr.ac6.mcu.externaltools.arm-none.linux64_1.15.0.201708311556/tools/compiler/bin/../lib/gcc/arm-none-eabi/6.3.1/../../../../arm-none-eabi/lib/thumb/v6-m/libc_nano.a(lib_a-nano-msizer.o)
                0x00000000080134dc                _malloc_usable_size_r
 .text._close   0x00000000080134ec       0x10 /home/tomoaki/Applications/eclipse/plugins/fr.ac6.mcu.externaltools.arm-none.linux64_1.15.0.201708311556/tools/compiler/bin/../lib/gcc/arm-none-eabi/6.3.1/../../../../arm-none-eabi/lib/thumb/v6-m/libnosys.a(close.o)
                0x00000000080134ec                _close
 .text._fstat   0x00000000080134fc       0x10 /home/tomoaki/Applications/eclipse/plugins/fr.ac6.mcu.externaltools.arm-none.linux64_1.15.0.201708311556/tools/compiler/bin/../lib/gcc/arm-none-eabi/6.3.1/../../../../arm-none-eabi/lib/thumb/v6-m/libnosys.a(fstat.o)
                0x00000000080134fc                _fstat
 .text._isatty  0x000000000801350c       0x10 /home/tomoaki/Applications/eclipse/plugins/fr.ac6.mcu.externaltools.arm-none.linux64_1.15.0.201708311556/tools/compiler/bin/../lib/gcc/arm-none-eabi/6.3.1/../../../../arm-none-eabi/lib/thumb/v6-m/libnosys.a(isatty.o)
                0x000000000801350c                _isatty
 .text._lseek   0x000000000801351c       0x10 /home/tomoaki/Applications/eclipse/plugins/fr.ac6.mcu.externaltools.arm-none.linux64_1.15.0.201708311556/tools/compiler/bin/../lib/gcc/arm-none-eabi/6.3.1/../../../../arm-none-eabi/lib/thumb/v6-m/libnosys.a(lseek.o)
                0x000000000801351c                _lseek
 .text._read    0x000000000801352c       0x10 /home/tomoaki/Applications/eclipse/plugins/fr.ac6.mcu.externaltools.arm-none.linux64_1.15.0.201708311556/tools/compiler/bin/../lib/gcc/arm-none-eabi/6.3.1/../../../../arm-none-eabi/lib/thumb/v6-m/libnosys.a(read.o)
                0x000000000801352c                _read
 .text._write   0x000000000801353c       0x10 /home/tomoaki/Applications/eclipse/plugins/fr.ac6.mcu.externaltools.arm-none.linux64_1.15.0.201708311556/tools/compiler/bin/../lib/gcc/arm-none-eabi/6.3.1/../../../../arm-none-eabi/lib/thumb/v6-m/libnosys.a(write.o)
                0x000000000801353c                _write
 *(.glue_7)
 .glue_7        0x000000000801354c        0x0 linker stubs
 *(.glue_7t)
 .glue_7t       0x000000000801354c        0x0 linker stubs
 *(.eh_frame)
 .eh_frame      0x000000000801354c        0x0 /home/tomoaki/Applications/eclipse/plugins/fr.ac6.mcu.externaltools.arm-none.linux64_1.15.0.201708311556/tools/compiler/bin/../lib/gcc/arm-none-eabi/6.3.1/thumb/v6-m/crtbegin.o
 *(.init)
 .init          0x000000000801354c        0x4 /home/tomoaki/Applications/eclipse/plugins/fr.ac6.mcu.externaltools.arm-none.linux64_1.15.0.201708311556/tools/compiler/bin/../lib/gcc/arm-none-eabi/6.3.1/thumb/v6-m/crti.o
                0x000000000801354c                _init
 .init          0x0000000008013550        0x8 /home/tomoaki/Applications/eclipse/plugins/fr.ac6.mcu.externaltools.arm-none.linux64_1.15.0.201708311556/tools/compiler/bin/../lib/gcc/arm-none-eabi/6.3.1/thumb/v6-m/crtn.o
 *(.fini)
 .fini          0x0000000008013558        0x4 /home/tomoaki/Applications/eclipse/plugins/fr.ac6.mcu.externaltools.arm-none.linux64_1.15.0.201708311556/tools/compiler/bin/../lib/gcc/arm-none-eabi/6.3.1/thumb/v6-m/crti.o
                0x0000000008013558                _fini
 .fini          0x000000000801355c        0x8 /home/tomoaki/Applications/eclipse/plugins/fr.ac6.mcu.externaltools.arm-none.linux64_1.15.0.201708311556/tools/compiler/bin/../lib/gcc/arm-none-eabi/6.3.1/thumb/v6-m/crtn.o
                0x0000000008013564                . = ALIGN (0x4)
                0x0000000008013564                _etext = .

.vfp11_veneer   0x0000000008013564        0x0
 .vfp11_veneer  0x0000000008013564        0x0 linker stubs

.v4_bx          0x0000000008013564        0x0
 .v4_bx         0x0000000008013564        0x0 linker stubs

.iplt           0x0000000008013564        0x0
 .iplt          0x0000000008013564        0x0 /home/tomoaki/Applications/eclipse/plugins/fr.ac6.mcu.externaltools.arm-none.linux64_1.15.0.201708311556/tools/compiler/bin/../lib/gcc/arm-none-eabi/6.3.1/thumb/v6-m/crtbegin.o

.rodata         0x0000000008013568      0xbc8
                0x0000000008013568                . = ALIGN (0x4)
 *(.rodata)
 .rodata        0x0000000008013568      0x120 Drivers/BSP/Components/sx1276/sx1276.o
                0x00000000080135a8                RadioRegsInit
                0x00000000080135d8                FskBandwidths
 .rodata        0x0000000008013688        0xe Drivers/BSP/b-l072z-lrwan1.o
                0x0000000008013688                LED_PIN
                0x0000000008013690                BUTTON_IRQn
                0x0000000008013694                BUTTON_PIN
 *fill*         0x0000000008013696        0x2 
 .rodata        0x0000000008013698       0x68 Drivers/BSP/mlm32l07x01.o
                0x0000000008013698                Radio
 .rodata        0x0000000008013700      0x17c Drivers/HAL_Driver/Src/stm32l0xx_hal_uart.o
 .rodata        0x000000000801387c       0x20 src/LoRa/Core/lora-test.o
 .rodata        0x000000000801389c      0x300 src/LoRa/Crypto/aes.o
 .rodata        0x0000000008013b9c      0x16c src/LoRa/Mac/LoRaMac.o
 .rodata        0x0000000008013d08      0x150 src/LoRa/Mac/region/RegionAS923.o
 .rodata        0x0000000008013e58       0x18 src/hw_rtc.o
 .rodata        0x0000000008013e70       0x24 src/system_stm32l0xx.o
                0x0000000008013e70                PLLMulTable
                0x0000000008013e7c                AHBPrescTable
                0x0000000008013e8c                APBPrescTable
 .rodata        0x0000000008013e94       0x80 /home/tomoaki/Applications/eclipse/plugins/fr.ac6.mcu.externaltools.arm-none.linux64_1.15.0.201708311556/tools/compiler/bin/../lib/gcc/arm-none-eabi/6.3.1/thumb/v6-m/libgcc.a(divsf3.o)
 .rodata        0x0000000008013f14       0x40 /home/tomoaki/Applications/eclipse/plugins/fr.ac6.mcu.externaltools.arm-none.linux64_1.15.0.201708311556/tools/compiler/bin/../lib/gcc/arm-none-eabi/6.3.1/thumb/v6-m/libgcc.a(mulsf3.o)
 .rodata        0x0000000008013f54       0x40 /home/tomoaki/Applications/eclipse/plugins/fr.ac6.mcu.externaltools.arm-none.linux64_1.15.0.201708311556/tools/compiler/bin/../lib/gcc/arm-none-eabi/6.3.1/thumb/v6-m/libgcc.a(divdf3.o)
 .rodata        0x0000000008013f94       0x40 /home/tomoaki/Applications/eclipse/plugins/fr.ac6.mcu.externaltools.arm-none.linux64_1.15.0.201708311556/tools/compiler/bin/../lib/gcc/arm-none-eabi/6.3.1/thumb/v6-m/libgcc.a(muldf3.o)
 *(.rodata*)
 .rodata.str1.4
                0x0000000008013fd4       0x21 Drivers/BSP/Components/sx1276/sx1276.o
 .rodata.cst1   0x0000000008013ff5        0x1 Drivers/BSP/mlm32l07x01.o
 *fill*         0x0000000008013ff6        0x2 
 .rodata.str1.4
                0x0000000008013ff8       0x4c src/LoRa/Core/lora.o
                                         0x50 (size before relaxing)
 .rodata.str1.4
                0x0000000008014044       0x54 src/main.o
                                         0x53 (size before relaxing)
 .rodata._global_impure_ptr
                0x0000000008014098        0x4 /home/tomoaki/Applications/eclipse/plugins/fr.ac6.mcu.externaltools.arm-none.linux64_1.15.0.201708311556/tools/compiler/bin/../lib/gcc/arm-none-eabi/6.3.1/../../../../arm-none-eabi/lib/thumb/v6-m/libc_nano.a(lib_a-impure.o)
                0x0000000008014098                _global_impure_ptr
 .rodata.__sf_fake_stderr
                0x000000000801409c       0x20 /home/tomoaki/Applications/eclipse/plugins/fr.ac6.mcu.externaltools.arm-none.linux64_1.15.0.201708311556/tools/compiler/bin/../lib/gcc/arm-none-eabi/6.3.1/../../../../arm-none-eabi/lib/thumb/v6-m/libc_nano.a(lib_a-findfp.o)
                0x000000000801409c                __sf_fake_stderr
 .rodata.__sf_fake_stdin
                0x00000000080140bc       0x20 /home/tomoaki/Applications/eclipse/plugins/fr.ac6.mcu.externaltools.arm-none.linux64_1.15.0.201708311556/tools/compiler/bin/../lib/gcc/arm-none-eabi/6.3.1/../../../../arm-none-eabi/lib/thumb/v6-m/libc_nano.a(lib_a-findfp.o)
                0x00000000080140bc                __sf_fake_stdin
 .rodata.__sf_fake_stdout
                0x00000000080140dc       0x20 /home/tomoaki/Applications/eclipse/plugins/fr.ac6.mcu.externaltools.arm-none.linux64_1.15.0.201708311556/tools/compiler/bin/../lib/gcc/arm-none-eabi/6.3.1/../../../../arm-none-eabi/lib/thumb/v6-m/libc_nano.a(lib_a-findfp.o)
                0x00000000080140dc                __sf_fake_stdout
 .rodata._svfprintf_r.str1.1
                0x00000000080140fc       0x11 /home/tomoaki/Applications/eclipse/plugins/fr.ac6.mcu.externaltools.arm-none.linux64_1.15.0.201708311556/tools/compiler/bin/../lib/gcc/arm-none-eabi/6.3.1/../../../../arm-none-eabi/lib/thumb/v6-m/libc_nano.a(lib_a-nano-svfprintf.o)
 .rodata._vfprintf_r.str1.1
                0x000000000801410d       0x11 /home/tomoaki/Applications/eclipse/plugins/fr.ac6.mcu.externaltools.arm-none.linux64_1.15.0.201708311556/tools/compiler/bin/../lib/gcc/arm-none-eabi/6.3.1/../../../../arm-none-eabi/lib/thumb/v6-m/libc_nano.a(lib_a-nano-vfprintf.o)
 .rodata._printf_i.str1.1
                0x000000000801410d       0x22 /home/tomoaki/Applications/eclipse/plugins/fr.ac6.mcu.externaltools.arm-none.linux64_1.15.0.201708311556/tools/compiler/bin/../lib/gcc/arm-none-eabi/6.3.1/../../../../arm-none-eabi/lib/thumb/v6-m/libc_nano.a(lib_a-nano-vfprintf_i.o)
                0x0000000008014130                . = ALIGN (0x4)
 *fill*         0x000000000801412f        0x1 

.ARM.extab      0x0000000008014130        0x0
                0x0000000008014130                . = ALIGN (0x4)
 *(.ARM.extab* .gnu.linkonce.armextab.*)
                0x0000000008014130                . = ALIGN (0x4)

.ARM            0x0000000008014130        0x8
                0x0000000008014130                . = ALIGN (0x4)
                0x0000000008014130                __exidx_start = .
 *(.ARM.exidx*)
 .ARM.exidx     0x0000000008014130        0x8 /home/tomoaki/Applications/eclipse/plugins/fr.ac6.mcu.externaltools.arm-none.linux64_1.15.0.201708311556/tools/compiler/bin/../lib/gcc/arm-none-eabi/6.3.1/thumb/v6-m/libgcc.a(_udivmoddi4.o)
                0x0000000008014138                __exidx_end = .
                0x0000000008014138                . = ALIGN (0x4)
